Component: ARM Compiler 5.06 update 7 (build 960) Tool: armlink [4d3601]

==============================================================================

Section Cross References

    startup_stm32l431xx.o(RESET) refers to startup_stm32l431xx.o(STACK) for __initial_sp
    startup_stm32l431xx.o(RESET) refers to startup_stm32l431xx.o(.text) for Reset_Handler
    startup_stm32l431xx.o(RESET) refers to stm32l4xx_it.o(i.NMI_Handler) for NMI_Handler
    startup_stm32l431xx.o(RESET) refers to stm32l4xx_it.o(i.HardFault_Handler) for HardFault_Handler
    startup_stm32l431xx.o(RESET) refers to stm32l4xx_it.o(i.MemManage_Handler) for MemManage_Handler
    startup_stm32l431xx.o(RESET) refers to stm32l4xx_it.o(i.BusFault_Handler) for BusFault_Handler
    startup_stm32l431xx.o(RESET) refers to stm32l4xx_it.o(i.UsageFault_Handler) for UsageFault_Handler
    startup_stm32l431xx.o(RESET) refers to port.o(.emb_text) for SVC_Handler
    startup_stm32l431xx.o(RESET) refers to stm32l4xx_it.o(i.DebugMon_Handler) for DebugMon_Handler
    startup_stm32l431xx.o(RESET) refers to port.o(i.SysTick_Handler) for SysTick_Handler
    startup_stm32l431xx.o(RESET) refers to stm32l4xx_it.o(i.TIM1_UP_TIM16_IRQHandler) for TIM1_UP_TIM16_IRQHandler
    startup_stm32l431xx.o(RESET) refers to stm32l4xx_it.o(i.TIM2_IRQHandler) for TIM2_IRQHandler
    startup_stm32l431xx.o(RESET) refers to usart.o(i.USART1_IRQHandler) for USART1_IRQHandler
    startup_stm32l431xx.o(RESET) refers to usart.o(i.USART2_IRQHandler) for USART2_IRQHandler
    startup_stm32l431xx.o(RESET) refers to usart.o(i.USART3_IRQHandler) for USART3_IRQHandler
    startup_stm32l431xx.o(RESET) refers to stm32l4xx_it.o(i.TIM6_DAC_IRQHandler) for TIM6_DAC_IRQHandler
    startup_stm32l431xx.o(.text) refers to system_stm32l4xx.o(i.SystemInit) for SystemInit
    startup_stm32l431xx.o(.text) refers to entry.o(.ARM.Collect$$$$00000000) for __main
    main.o(i.HAL_TIM_PeriodElapsedCallback) refers to stm32l4xx_hal.o(i.HAL_IncTick) for HAL_IncTick
    main.o(i.HAL_TIM_PeriodElapsedCallback) refers to stm32l4xx_hal_rtc.o(i.HAL_RTC_GetTime) for HAL_RTC_GetTime
    main.o(i.HAL_TIM_PeriodElapsedCallback) refers to stm32l4xx_hal_rtc.o(i.HAL_RTC_GetDate) for HAL_RTC_GetDate
    main.o(i.HAL_TIM_PeriodElapsedCallback) refers to main.o(.data) for .data
    main.o(i.HAL_TIM_PeriodElapsedCallback) refers to rc522s.o(.bss) for Pcd_Massage_Flag
    main.o(i.HAL_TIM_PeriodElapsedCallback) refers to main.o(.bss) for .bss
    main.o(i.HAL_TIM_PeriodElapsedCallback) refers to rtc.o(.bss) for hrtc
    main.o(i.SystemClock_Config) refers to memseta.o(.text) for __aeabi_memclr4
    main.o(i.SystemClock_Config) refers to stm32l4xx_hal_pwr_ex.o(i.HAL_PWREx_ControlVoltageScaling) for HAL_PWREx_ControlVoltageScaling
    main.o(i.SystemClock_Config) refers to stm32l4xx_hal_pwr.o(i.HAL_PWR_EnableBkUpAccess) for HAL_PWR_EnableBkUpAccess
    main.o(i.SystemClock_Config) refers to stm32l4xx_hal_rcc.o(i.HAL_RCC_OscConfig) for HAL_RCC_OscConfig
    main.o(i.SystemClock_Config) refers to stm32l4xx_hal_rcc.o(i.HAL_RCC_ClockConfig) for HAL_RCC_ClockConfig
    main.o(i.main) refers to stm32l4xx_hal.o(i.HAL_Init) for HAL_Init
    main.o(i.main) refers to main.o(i.SystemClock_Config) for SystemClock_Config
    main.o(i.main) refers to gpio.o(i.MX_GPIO_Init) for MX_GPIO_Init
    main.o(i.main) refers to rtc.o(i.MX_RTC_Init) for MX_RTC_Init
    main.o(i.main) refers to usart.o(i.MX_USART2_UART_Init) for MX_USART2_UART_Init
    main.o(i.main) refers to usart.o(i.MX_USART3_UART_Init) for MX_USART3_UART_Init
    main.o(i.main) refers to usart.o(i.MX_USART1_UART_Init) for MX_USART1_UART_Init
    main.o(i.main) refers to spi.o(i.MX_SPI2_Init) for MX_SPI2_Init
    main.o(i.main) refers to tim.o(i.MX_TIM2_Init) for MX_TIM2_Init
    main.o(i.main) refers to tim.o(i.MX_TIM6_Init) for MX_TIM6_Init
    main.o(i.main) refers to spi.o(i.MX_SPI1_Init) for MX_SPI1_Init
    main.o(i.main) refers to rc522s.o(i.MFRC_Init) for MFRC_Init
    main.o(i.main) refers to rc522s.o(i.PCD_Reset) for PCD_Reset
    main.o(i.main) refers to w25q64.o(i.BSP_W25Qx_Init) for BSP_W25Qx_Init
    main.o(i.main) refers to w25q64.o(i.Flash_Data_Init) for Flash_Data_Init
    main.o(i.main) refers to iwdg.o(i.MX_IWDG_Init) for MX_IWDG_Init
    main.o(i.main) refers to freertos.o(i.MX_FREERTOS_Init) for MX_FREERTOS_Init
    main.o(i.main) refers to cmsis_os.o(i.osKernelStart) for osKernelStart
    gpio.o(i.MX_GPIO_Init) refers to memseta.o(.text) for __aeabi_memclr4
    gpio.o(i.MX_GPIO_Init) refers to stm32l4xx_hal_gpio.o(i.HAL_GPIO_WritePin) for HAL_GPIO_WritePin
    gpio.o(i.MX_GPIO_Init) refers to stm32l4xx_hal_gpio.o(i.HAL_GPIO_Init) for HAL_GPIO_Init
    gpio.o(i.beep_off) refers to stm32l4xx_hal_gpio.o(i.HAL_GPIO_WritePin) for HAL_GPIO_WritePin
    gpio.o(i.beep_on) refers to stm32l4xx_hal_gpio.o(i.HAL_GPIO_WritePin) for HAL_GPIO_WritePin
    freertos.o(i.MX_FREERTOS_Init) refers to queue.o(i.xQueueCreateMutex) for xQueueCreateMutex
[...]
    _printf_charcount                        0x00000000   Number         0  stubs.o ABSOLUTE
    _printf_d                                0x00000000   Number         0  stubs.o ABSOLUTE
    _printf_e                                0x00000000   Number         0  stubs.o ABSOLUTE
    _printf_f                                0x00000000   Number         0  stubs.o ABSOLUTE
    _printf_flags                            0x00000000   Number         0  stubs.o ABSOLUTE
    _printf_fp_dec                           0x00000000   Number         0  stubs.o ABSOLUTE
    _printf_fp_hex                           0x00000000   Number         0  stubs.o ABSOLUTE
    _printf_g                                0x00000000   Number         0  stubs.o ABSOLUTE
    _printf_i                                0x00000000   Number         0  stubs.o ABSOLUTE
    _printf_int_dec                          0x00000000   Number         0  stubs.o ABSOLUTE
    _printf_l                                0x00000000   Number         0  stubs.o ABSOLUTE
    _printf_lc                               0x00000000   Number         0  stubs.o ABSOLUTE
    _printf_ll                               0x00000000   Number         0  stubs.o ABSOLUTE
    _printf_lld                              0x00000000   Number         0  stubs.o ABSOLUTE
    _printf_lli                              0x00000000   Number         0  stubs.o ABSOLUTE
    _printf_llo                              0x00000000   Number         0  stubs.o ABSOLUTE
    _printf_llu                              0x00000000   Number         0  stubs.o ABSOLUTE
    _printf_llx                              0x00000000   Number         0  stubs.o ABSOLUTE
    _printf_longlong_dec                     0x00000000   Number         0  stubs.o ABSOLUTE
    _printf_longlong_hex                     0x00000000   Number         0  stubs.o ABSOLUTE
    _printf_longlong_oct                     0x00000000   Number         0  stubs.o ABSOLUTE
    _printf_ls                               0x00000000   Number         0  stubs.o ABSOLUTE
    _printf_mbtowc                           0x00000000   Number         0  stubs.o ABSOLUTE
    _printf_n                                0x00000000   Number         0  stubs.o ABSOLUTE
    _printf_o                                0x00000000   Number         0  stubs.o ABSOLUTE
    _printf_p                                0x00000000   Number         0  stubs.o ABSOLUTE
    _printf_percent                          0x00000000   Number         0  stubs.o ABSOLUTE
    _printf_pre_padding                      0x00000000   Number         0  stubs.o ABSOLUTE
    _printf_return_value                     0x00000000   Number         0  stubs.o ABSOLUTE
    _printf_s                                0x00000000   Number         0  stubs.o ABSOLUTE
    _printf_sizespec                         0x00000000   Number         0  stubs.o ABSOLUTE
    _printf_str                              0x00000000   Number         0  stubs.o ABSOLUTE
    _printf_truncate_signed                  0x00000000   Number         0  stubs.o ABSOLUTE
    _printf_truncate_unsigned                0x00000000   Number         0  stubs.o ABSOLUTE
    _printf_u                                0x00000000   Number         0  stubs.o ABSOLUTE
    _printf_wc                               0x00000000   Number         0  stubs.o ABSOLUTE
    _printf_wctomb                           0x00000000   Number         0  stubs.o ABSOLUTE
    _printf_widthprec                        0x00000000   Number         0  stubs.o ABSOLUTE
    _printf_x                                0x00000000   Number         0  stubs.o ABSOLUTE
    __arm_fini_                               - Undefined Weak Reference
    __cpp_initialize__aeabi_                  - Undefined Weak Reference
    __cxa_finalize                            - Undefined Weak Reference
    __decompress                              - Undefined Weak Reference
    _clock_init                               - Undefined Weak Reference
    _microlib_exit                            - Undefined Weak Reference
    _scanf_longlong                           - Undefined Weak Reference
    __Vectors_Size                           0x0000018c   Number         0  startup_stm32l431xx.o ABSOLUTE
    __Vectors                                0x08000000   Data           4  startup_stm32l431xx.o(RESET)
    __Vectors_End                            0x0800018c   Data           0  startup_stm32l431xx.o(RESET)
    __main                                   0x0800018d   Thumb Code     0  entry.o(.ARM.Collect$$$$00000000)
    _main_stk                                0x0800018d   Thumb Code     0  entry2.o(.ARM.Collect$$$$00000001)
    _main_scatterload                        0x08000191   Thumb Code     0  entry5.o(.ARM.Collect$$$$00000004)
    __main_after_scatterload                 0x08000195   Thumb Code     0  entry5.o(.ARM.Collect$$$$00000004)
    _main_clock                              0x08000195   Thumb Code     0  entry7b.o(.ARM.Collect$$$$00000008)
    _main_cpp_init                           0x08000195   Thumb Code     0  entry8b.o(.ARM.Collect$$$$0000000A)
    _main_init                               0x08000195   Thumb Code     0  entry9a.o(.ARM.Collect$$$$0000000B)
    __rt_lib_shutdown_fini                   0x0800019d   Thumb Code     0  entry12b.o(.ARM.Collect$$$$0000000E)
    __rt_final_cpp                           0x080001a1   Thumb Code     0  entry10a.o(.ARM.Collect$$$$0000000F)
    __rt_final_exit                          0x080001a1   Thumb Code     0  entry11a.o(.ARM.Collect$$$$00000011)
    SVC_Handler                              0x080001a5   Thumb Code    28  port.o(.emb_text)
    __asm___6_port_c_39a90d8d__prvStartFirstTask 0x080001c5   Thumb Code    36  port.o(.emb_text)
    __asm___6_port_c_39a90d8d__prvEnableVFP  0x080001ed   Thumb Code    16  port.o(.emb_text)
    PendSV_Handler                           0x08000201   Thumb Code    88  port.o(.emb_text)
    vPortGetIPSR                             0x0800025d   Thumb Code     6  port.o(.emb_text)
    Reset_Handler                            0x08000285   Thumb Code     8  startup_stm32l431xx.o(.text)
    ADC1_IRQHandler                          0x0800029f   Thumb Code     0  startup_stm32l431xx.o(.text)
    CAN1_RX0_IRQHandler                      0x0800029f   Thumb Code     0  startup_stm32l431xx.o(.text)
    CAN1_RX1_IRQHandler                      0x0800029f   Thumb Code     0  startup_stm32l431xx.o(.text)
    CAN1_SCE_IRQHandler                      0x0800029f   Thumb Code     0  startup_stm32l431xx.o(.text)
    CAN1_TX_IRQHandler                       0x0800029f   Thumb Code     0  startup_stm32l431xx.o(.text)
    COMP_IRQHandler                          0x0800029f   Thumb Code     0  startup_stm32l431xx.o(.text)
    CRS_IRQHandler                           0x0800029f   Thumb Code     0  startup_stm32l431xx.o(.text)
    DMA1_Channel1_IRQHandler                 0x0800029f   Thumb Code     0  startup_stm32l431xx.o(.text)
    DMA1_Channel2_IRQHandler                 0x0800029f   Thumb Code     0  startup_stm32l431xx.o(.text)
    DMA1_Channel3_IRQHandler                 0x0800029f   Thumb Code     0  startup_stm32l431xx.o(.text)
    DMA1_Channel4_IRQHandler                 0x0800029f   Thumb Code     0  startup_stm32l431xx.o(.text)
    DMA1_Channel5_IRQHandler                 0x0800029f   Thumb Code     0  startup_stm32l431xx.o(.text)
    DMA1_Channel6_IRQHandler                 0x0800029f   Thumb Code     0  startup_stm32l431xx.o(.text)
    DMA1_Channel7_IRQHandler                 0x0800029f   Thumb Code     0  startup_stm32l431xx.o(.text)
    DMA2_Channel1_IRQHandler                 0x0800029f   Thumb Code     0  startup_stm32l431xx.o(.text)
    DMA2_Channel2_IRQHandler                 0x0800029f   Thumb Code     0  startup_stm32l431xx.o(.text)
    DMA2_Channel3_IRQHandler                 0x0800029f   Thumb Code     0  startup_stm32l431xx.o(.text)
    DMA2_Channel4_IRQHandler                 0x0800029f   Thumb Code     0  startup_stm32l431xx.o(.text)
    DMA2_Channel5_IRQHandler                 0x0800029f   Thumb Code     0  startup_stm32l431xx.o(.text)
    DMA2_Channel6_IRQHandler                 0x0800029f   Thumb Code     0  startup_stm32l431xx.o(.text)
    DMA2_Channel7_IRQHandler                 0x0800029f   Thumb Code     0  startup_stm32l431xx.o(.text)
    EXTI0_IRQHandler                         0x0800029f   Thumb Code     0  startup_stm32l431xx.o(.text)
    EXTI15_10_IRQHandler                     0x0800029f   Thumb Code     0  startup_stm32l431xx.o(.text)
    EXTI1_IRQHandler                         0x0800029f   Thumb Code     0  startup_stm32l431xx.o(.text)
    EXTI2_IRQHandler                         0x0800029f   Thumb Code     0  startup_stm32l431xx.o(.text)
    EXTI3_IRQHandler                         0x0800029f   Thumb Code     0  startup_stm32l431xx.o(.text)
    EXTI4_IRQHandler                         0x0800029f   Thumb Code     0  startup_stm32l431xx.o(.text)
    EXTI9_5_IRQHandler                       0x0800029f   Thumb Code     0  startup_stm32l431xx.o(.text)
    FLASH_IRQHandler                         0x0800029f   Thumb Code     0  startup_stm32l431xx.o(.text)
    FPU_IRQHandler                           0x0800029f   Thumb Code     0  startup_stm32l431xx.o(.text)
    I2C1_ER_IRQHandler                       0x0800029f   Thumb Code     0  startup_stm32l431xx.o(.text)
    I2C1_EV_IRQHandler                       0x0800029f   Thumb Code     0  startup_stm32l431xx.o(.text)
    I2C2_ER_IRQHandler                       0x0800029f   Thumb Code     0  startup_stm32l431xx.o(.text)
    I2C2_EV_IRQHandler                       0x0800029f   Thumb Code     0  startup_stm32l431xx.o(.text)
    I2C3_ER_IRQHandler                       0x0800029f   Thumb Code     0  startup_stm32l431xx.o(.text)
    I2C3_EV_IRQHandler                       0x0800029f   Thumb Code     0  startup_stm32l431xx.o(.text)
    LPTIM1_IRQHandler                        0x0800029f   Thumb Code     0  startup_stm32l431xx.o(.text)
    LPTIM2_IRQHandler                        0x0800029f   Thumb Code     0  startup_stm32l431xx.o(.text)
    LPUART1_IRQHandler                       0x0800029f   Thumb Code     0  startup_stm32l431xx.o(.text)
    PVD_PVM_IRQHandler                       0x0800029f   Thumb Code     0  startup_stm32l431xx.o(.text)
    QUADSPI_IRQHandler                       0x0800029f   Thumb Code     0  startup_stm32l431xx.o(.text)
    RCC_IRQHandler                           0x0800029f   Thumb Code     0  startup_stm32l431xx.o(.text)
    RNG_IRQHandler                           0x0800029f   Thumb Code     0  startup_stm32l431xx.o(.text)
    RTC_Alarm_IRQHandler                     0x0800029f   Thumb Code     0  startup_stm32l431xx.o(.text)
    RTC_WKUP_IRQHandler                      0x0800029f   Thumb Code     0  startup_stm32l431xx.o(.text)
    SAI1_IRQHandler                          0x0800029f   Thumb Code     0  startup_stm32l431xx.o(.text)
    SDMMC1_IRQHandler                        0x0800029f   Thumb Code     0  startup_stm32l431xx.o(.text)
    SPI1_IRQHandler                          0x0800029f   Thumb Code     0  startup_stm32l431xx.o(.text)
    SPI2_IRQHandler                          0x0800029f   Thumb Code     0  startup_stm32l431xx.o(.text)
    SPI3_IRQHandler                          0x0800029f   Thumb Code     0  startup_stm32l431xx.o(.text)
    SWPMI1_IRQHandler                        0x0800029f   Thumb Code     0  startup_stm32l431xx.o(.text)
    TAMP_STAMP_IRQHandler                    0x0800029f   Thumb Code     0  startup_stm32l431xx.o(.text)
    TIM1_BRK_TIM15_IRQHandler                0x0800029f   Thumb Code     0  startup_stm32l431xx.o(.text)
    TIM1_CC_IRQHandler                       0x0800029f   Thumb Code     0  startup_stm32l431xx.o(.text)
    TIM1_TRG_COM_IRQHandler                  0x0800029f   Thumb Code     0  startup_stm32l431xx.o(.text)
    TIM7_IRQHandler                          0x0800029f   Thumb Code     0  startup_stm32l431xx.o(.text)
    TSC_IRQHandler                           0x0800029f   Thumb Code     0  startup_stm32l431xx.o(.text)
    WWDG_IRQHandler                          0x0800029f   Thumb Code     0  startup_stm32l431xx.o(.text)
    __aeabi_uldivmod                         0x080002a9   Thumb Code    98  uldiv.o(.text)
    tolower                                  0x08000311   Thumb Code    12  tolower.o(.text)
    __aeabi_memcpy                           0x0800031d   Thumb Code    36  memcpya.o(.text)
    __aeabi_memcpy4                          0x0800031d   Thumb Code     0  memcpya.o(.text)
    __aeabi_memcpy8                          0x0800031d   Thumb Code     0  memcpya.o(.text)
    __aeabi_memset                           0x08000341   Thumb Code    14  memseta.o(.text)
    __aeabi_memset4                          0x08000341   Thumb Code     0  memseta.o(.text)
    __aeabi_memset8                          0x08000341   Thumb Code     0  memseta.o(.text)
    __aeabi_memclr                           0x0800034f   Thumb Code     4  memseta.o(.text)
    __aeabi_memclr4                          0x0800034f   Thumb Code     0  memseta.o(.text)
    __aeabi_memclr8                          0x0800034f   Thumb Code     0  memseta.o(.text)
    memset                                   0x08000353   Thumb Code    18  memseta.o(.text)
    strstr                                   0x08000365   Thumb Code    36  strstr.o(.text)
    strlen                                   0x08000389   Thumb Code    14  strlen.o(.text)
    strcmp                                   0x08000397   Thumb Code    28  strcmp.o(.text)
    strcpy                                   0x080003b3   Thumb Code    18  strcpy.o(.text)
    strncmp                                  0x080003c5   Thumb Code    30  strncmp.o(.text)
    __0sscanf                                0x080003e5   Thumb Code    48  __0sscanf.o(.text)
    _scanf_int                               0x0800041d   Thumb Code   332  _scanf_int.o(.text)
    _scanf_string                            0x0800056f   Thumb Code   224  _scanf_str.o(.text)
    _scanf_real                              0x0800077d   Thumb Code     0  scanf_fp.o(.text)
    _scanf_really_real                       0x0800077d   Thumb Code   556  scanf_fp.o(.text)
    __aeabi_dadd                             0x080009bb   Thumb Code   322  dadd.o(.text)
    __aeabi_dsub                             0x08000afd   Thumb Code     6  dadd.o(.text)
    __aeabi_drsub                            0x08000b03   Thumb Code     6  dadd.o(.text)
    __aeabi_dmul                             0x08000b19   Thumb Code   228  dmul.o(.text)
    __aeabi_ddiv                             0x08000c03   Thumb Code   222  ddiv.o(.text)
    __aeabi_i2d                              0x08000ce1   Thumb Code    34  dflti.o(.text)
    __aeabi_d2iz                             0x08000d03   Thumb Code    62  dfixi.o(.text)
    __aeabi_f2d                              0x08000d41   Thumb Code    38  f2d.o(.text)
    __aeabi_cdcmpeq                          0x08000d69   Thumb Code     0  cdcmple.o(.text)
    __aeabi_cdcmple                          0x08000d69   Thumb Code    48  cdcmple.o(.text)
    __aeabi_cdrcmple                         0x08000d99   Thumb Code    48  cdrcmple.o(.text)
    __aeabi_d2f                              0x08000dc9   Thumb Code    56  d2f.o(.text)
    __aeabi_uidiv                            0x08000e01   Thumb Code     0  uidiv.o(.text)
    __aeabi_uidivmod                         0x08000e01   Thumb Code    44  uidiv.o(.text)
    __aeabi_llsl                             0x08000e2d   Thumb Code    30  llshl.o(.text)
    _ll_shift_l                              0x08000e2d   Thumb Code     0  llshl.o(.text)
    __aeabi_llsr                             0x08000e4b   Thumb Code    32  llushr.o(.text)
    _ll_ushift_r                             0x08000e4b   Thumb Code     0  llushr.o(.text)
    __aeabi_lasr                             0x08000e6b   Thumb Code    36  llsshr.o(.text)
    _ll_sshift_r                             0x08000e6b   Thumb Code     0  llsshr.o(.text)
    _chval                                   0x08000e8f   Thumb Code    28  _chval.o(.text)
    __vfscanf_char                           0x08000eb9   Thumb Code    20  scanf_char.o(.text)
    _sgetc                                   0x08000ed5   Thumb Code    30  _sgetc.o(.text)
    _sbackspace                              0x08000ef3   Thumb Code    34  _sgetc.o(.text)
    __strtod_int                             0x08000f4b   Thumb Code    90  strtod.o(.text)
    __I$use$fp                               0x08000fb1   Thumb Code     0  iusefp.o(.text)
    _float_round                             0x08000fb1   Thumb Code    18  fepilogue.o(.text)
    _float_epilogue                          0x08000fc3   Thumb Code    92  fepilogue.o(.text)
    _double_round                            0x0800101f   Thumb Code    30  depilogue.o(.text)
    _double_epilogue                         0x0800103d   Thumb Code   156  depilogue.o(.text)
    __aeabi_ul2d                             0x080010d9   Thumb Code    24  dfltul.o(.text)
    __aeabi_d2ulz                            0x080010f1   Thumb Code    48  dfixul.o(.text)
    __scatterload                            0x08001121   Thumb Code    28  init.o(.text)
    __scatterload_rt2                        0x08001121   Thumb Code     0  init.o(.text)
    isspace                                  0x08001145   Thumb Code    10  isspace_c.o(.text)
    __vfscanf                                0x08001151   Thumb Code   810  _scanf.o(.text)
    __ctype_lookup                           0x08001489   Thumb Code    34  ctype_c.o(.text)
    BC260Y_Init                              0x080014b1   Thumb Code   184  bc260y.o(i.BC260Y_Init)
    BC260Y_task                              0x080015e9   Thumb Code   382  bc260y.o(i.BC260Y_task)
    BSP_W25Qx_Erase_Block                    0x080017b9   Thumb Code   106  w25q64.o(i.BSP_W25Qx_Erase_Block)
    BSP_W25Qx_Init                           0x08001879   Thumb Code    54  w25q64.o(i.BSP_W25Qx_Init)
    BSP_W25Qx_Read                           0x080018b9   Thumb Code    90  w25q64.o(i.BSP_W25Qx_Read)
    BSP_W25Qx_Write                          0x08001919   Thumb Code   184  w25q64.o(i.BSP_W25Qx_Write)
    BSP_W25Qx_WriteEnable                    0x080019dd   Thumb Code    82  w25q64.o(i.BSP_W25Qx_WriteEnable)
    BusFault_Handler                         0x08001a39   Thumb Code     2  stm32l4xx_it.o(i.BusFault_Handler)
    Clear_Buffer                             0x08001a3d   Thumb Code    82  bc260y.o(i.Clear_Buffer)
    DebugMon_Handler                         0x08001a9d   Thumb Code     2  stm32l4xx_it.o(i.DebugMon_Handler)
    Error_Handler                            0x08001a9f   Thumb Code     4  main.o(i.Error_Handler)
    Flash_Data_Init                          0x08001aa5   Thumb Code    90  w25q64.o(i.Flash_Data_Init)
    Get_Weight                               0x08001b11   Thumb Code    74  hx711.o(i.Get_Weight)
    Get_WeightBase                           0x08001b65   Thumb Code    46  hx711.o(i.Get_WeightBase)
    HAL_Delay                                0x08001ba5   Thumb Code    32  stm32l4xx_hal.o(i.HAL_Delay)
    HAL_GPIO_Init                            0x08001bc9   Thumb Code   434  stm32l4xx_hal_gpio.o(i.HAL_GPIO_Init)
    HAL_GPIO_ReadPin                         0x08001d9f   Thumb Code    10  stm32l4xx_hal_gpio.o(i.HAL_GPIO_ReadPin)
    HAL_GPIO_WritePin                        0x08001da9   Thumb Code    10  stm32l4xx_hal_gpio.o(i.HAL_GPIO_WritePin)
    HAL_GetTick                              0x08001db5   Thumb Code     6  stm32l4xx_hal.o(i.HAL_GetTick)
    HAL_IWDG_Init                            0x08001dc1   Thumb Code   102  stm32l4xx_hal_iwdg.o(i.HAL_IWDG_Init)
    HAL_IWDG_Refresh                         0x08001e27   Thumb Code    12  stm32l4xx_hal_iwdg.o(i.HAL_IWDG_Refresh)
    HAL_IncTick                              0x08001e35   Thumb Code    12  stm32l4xx_hal.o(i.HAL_IncTick)
    HAL_Init                                 0x08001e45   Thumb Code    30  stm32l4xx_hal.o(i.HAL_Init)
    HAL_InitTick                             0x08001e65   Thumb Code   118  stm32l4xx_hal_timebase_tim.o(i.HAL_InitTick)
    HAL_MspInit                              0x08001ef1   Thumb Code    48  stm32l4xx_hal_msp.o(i.HAL_MspInit)
    HAL_NVIC_EnableIRQ                       0x08001f25   Thumb Code    26  stm32l4xx_hal_cortex.o(i.HAL_NVIC_EnableIRQ)
    HAL_NVIC_SetPriority                     0x08001f41   Thumb Code    60  stm32l4xx_hal_cortex.o(i.HAL_NVIC_SetPriority)
    HAL_NVIC_SetPriorityGrouping             0x08001f81   Thumb Code    26  stm32l4xx_hal_cortex.o(i.HAL_NVIC_SetPriorityGrouping)
    HAL_PWREx_ControlVoltageScaling          0x08001fa5   Thumb Code    90  stm32l4xx_hal_pwr_ex.o(i.HAL_PWREx_ControlVoltageScaling)
    HAL_PWREx_GetVoltageRange                0x0800200d   Thumb Code    10  stm32l4xx_hal_pwr_ex.o(i.HAL_PWREx_GetVoltageRange)
    HAL_PWR_EnableBkUpAccess                 0x0800201d   Thumb Code    12  stm32l4xx_hal_pwr.o(i.HAL_PWR_EnableBkUpAccess)
    HAL_RCCEx_PeriphCLKConfig                0x0800202d   Thumb Code   682  stm32l4xx_hal_rcc_ex.o(i.HAL_RCCEx_PeriphCLKConfig)
    HAL_RCC_ClockConfig                      0x080022e9   Thumb Code   304  stm32l4xx_hal_rcc.o(i.HAL_RCC_ClockConfig)
    HAL_RCC_GetClockConfig                   0x0800242d   Thumb Code    54  stm32l4xx_hal_rcc.o(i.HAL_RCC_GetClockConfig)
    HAL_RCC_GetPCLK1Freq                     0x0800246d   Thumb Code    24  stm32l4xx_hal_rcc.o(i.HAL_RCC_GetPCLK1Freq)
    HAL_RCC_GetPCLK2Freq                     0x08002491   Thumb Code    24  stm32l4xx_hal_rcc.o(i.HAL_RCC_GetPCLK2Freq)
    HAL_RCC_GetSysClockFreq                  0x080024b5   Thumb Code   150  stm32l4xx_hal_rcc.o(i.HAL_RCC_GetSysClockFreq)
    HAL_RCC_OscConfig                        0x08002559   Thumb Code  1366  stm32l4xx_hal_rcc.o(i.HAL_RCC_OscConfig)
    HAL_RTCEx_BKUPRead                       0x08002ab9   Thumb Code    10  stm32l4xx_hal_rtc_ex.o(i.HAL_RTCEx_BKUPRead)
    HAL_RTCEx_BKUPWrite                      0x08002ac3   Thumb Code    16  stm32l4xx_hal_rtc_ex.o(i.HAL_RTCEx_BKUPWrite)
    HAL_RTC_GetDate                          0x08002ad5   Thumb Code    62  stm32l4xx_hal_rtc.o(i.HAL_RTC_GetDate)
    HAL_RTC_GetTime                          0x08002b19   Thumb Code    78  stm32l4xx_hal_rtc.o(i.HAL_RTC_GetTime)
    HAL_RTC_Init                             0x08002b6d   Thumb Code   150  stm32l4xx_hal_rtc.o(i.HAL_RTC_Init)
    HAL_RTC_MspInit                          0x08002c09   Thumb Code    60  rtc.o(i.HAL_RTC_MspInit)
    HAL_RTC_SetDate                          0x08002c4d   Thumb Code   156  stm32l4xx_hal_rtc.o(i.HAL_RTC_SetDate)
    HAL_RTC_SetTime                          0x08002ced   Thumb Code   198  stm32l4xx_hal_rtc.o(i.HAL_RTC_SetTime)
    HAL_RTC_WaitForSynchro                   0x08002db9   Thumb Code    54  stm32l4xx_hal_rtc.o(i.HAL_RTC_WaitForSynchro)
    HAL_SPI_Init                             0x08002def   Thumb Code   224  stm32l4xx_hal_spi.o(i.HAL_SPI_Init)
    HAL_SPI_MspInit                          0x08002ed1   Thumb Code   146  spi.o(i.HAL_SPI_MspInit)
    HAL_SPI_Receive                          0x08002f75   Thumb Code   392  stm32l4xx_hal_spi.o(i.HAL_SPI_Receive)
    HAL_SPI_Transmit                         0x08003103   Thumb Code   392  stm32l4xx_hal_spi.o(i.HAL_SPI_Transmit)
    HAL_SPI_TransmitReceive                  0x08003291   Thumb Code   610  stm32l4xx_hal_spi.o(i.HAL_SPI_TransmitReceive)
    HAL_TIMEx_Break2Callback                 0x080034f9   Thumb Code     2  stm32l4xx_hal_tim_ex.o(i.HAL_TIMEx_Break2Callback)
    HAL_TIMEx_BreakCallback                  0x080034fb   Thumb Code     2  stm32l4xx_hal_tim_ex.o(i.HAL_TIMEx_BreakCallback)
    HAL_TIMEx_CommutCallback                 0x080034fd   Thumb Code     2  stm32l4xx_hal_tim_ex.o(i.HAL_TIMEx_CommutCallback)
    HAL_TIMEx_MasterConfigSynchronization    0x08003501   Thumb Code    98  stm32l4xx_hal_tim_ex.o(i.HAL_TIMEx_MasterConfigSynchronization)
    HAL_TIM_Base_Init                        0x0800356d   Thumb Code    98  stm32l4xx_hal_tim.o(i.HAL_TIM_Base_Init)
    HAL_TIM_Base_MspInit                     0x080035d1   Thumb Code    86  tim.o(i.HAL_TIM_Base_MspInit)
    HAL_TIM_Base_Start_IT                    0x08003631   Thumb Code    76  stm32l4xx_hal_tim.o(i.HAL_TIM_Base_Start_IT)
    HAL_TIM_ConfigClockSource                0x08003689   Thumb Code   220  stm32l4xx_hal_tim.o(i.HAL_TIM_ConfigClockSource)
    HAL_TIM_IC_CaptureCallback               0x08003769   Thumb Code     2  stm32l4xx_hal_tim.o(i.HAL_TIM_IC_CaptureCallback)
    HAL_TIM_IRQHandler                       0x0800376b   Thumb Code   388  stm32l4xx_hal_tim.o(i.HAL_TIM_IRQHandler)
    HAL_TIM_MspPostInit                      0x080038f1   Thumb Code    84  tim.o(i.HAL_TIM_MspPostInit)
    HAL_TIM_OC_DelayElapsedCallback          0x0800394d   Thumb Code     2  stm32l4xx_hal_tim.o(i.HAL_TIM_OC_DelayElapsedCallback)
    HAL_TIM_PWM_ConfigChannel                0x0800394f   Thumb Code   292  stm32l4xx_hal_tim.o(i.HAL_TIM_PWM_ConfigChannel)
    HAL_TIM_PWM_Init                         0x08003a73   Thumb Code    98  stm32l4xx_hal_tim.o(i.HAL_TIM_PWM_Init)
    HAL_TIM_PWM_MspInit                      0x08003ad5   Thumb Code     2  stm32l4xx_hal_tim.o(i.HAL_TIM_PWM_MspInit)
    HAL_TIM_PWM_PulseFinishedCallback        0x08003ad7   Thumb Code     2  stm32l4xx_hal_tim.o(i.HAL_TIM_PWM_PulseFinishedCallback)
    HAL_TIM_PWM_Start                        0x08003ad9   Thumb Code   190  stm32l4xx_hal_tim.o(i.HAL_TIM_PWM_Start)
    HAL_TIM_PeriodElapsedCallback            0x08003ba9   Thumb Code   102  main.o(i.HAL_TIM_PeriodElapsedCallback)
    HAL_TIM_TriggerCallback                  0x08003c29   Thumb Code     2  stm32l4xx_hal_tim.o(i.HAL_TIM_TriggerCallback)
    HAL_UART_Init                            0x08003c2b   Thumb Code   102  stm32l4xx_hal_uart.o(i.HAL_UART_Init)
    HAL_UART_MspInit                         0x08003c91   Thumb Code   440  usart.o(i.HAL_UART_MspInit)
    HAL_UART_Transmit                        0x08003e69   Thumb Code   182  stm32l4xx_hal_uart.o(i.HAL_UART_Transmit)
    HX711_Delay_us                           0x08003f21   Thumb Code    74  hx711.o(i.HX711_Delay_us)
    HX711_Read                               0x08003f71   Thumb Code   134  hx711.o(i.HX711_Read)
    HX711_Value_Dispose                      0x08003ffd   Thumb Code    28  hx711.o(i.HX711_Value_Dispose)
    HardFault_Handler                        0x08004019   Thumb Code     2  stm32l4xx_it.o(i.HardFault_Handler)
    MFRC_CalulateCRC                         0x0800401d   Thumb Code    96  rc522s.o(i.MFRC_CalulateCRC)
    MFRC_ClrBitMask                          0x08004081   Thumb Code    24  rc522s.o(i.MFRC_ClrBitMask)
    MFRC_CmdFrame                            0x08004099   Thumb Code   282  rc522s.o(i.MFRC_CmdFrame)
    MFRC_Init                                0x080041c1   Thumb Code    28  rc522s.o(i.MFRC_Init)
    MFRC_ReadReg                             0x080041e1   Thumb Code    56  rc522s.o(i.MFRC_ReadReg)
    MFRC_SetBitMask                          0x0800421d   Thumb Code    24  rc522s.o(i.MFRC_SetBitMask)
    MFRC_WriteReg                            0x08004235   Thumb Code    54  rc522s.o(i.MFRC_WriteReg)
    MQTT_Publish                             0x08004271   Thumb Code   246  bc260y.o(i.MQTT_Publish)
    MQTT_QMTCONN                             0x080043ad   Thumb Code   134  bc260y.o(i.MQTT_QMTCONN)
    MQTT_QMTOPEN                             0x08004489   Thumb Code   116  bc260y.o(i.MQTT_QMTOPEN)
    MQTT_Receive_Data                        0x08004541   Thumb Code   206  bc260y.o(i.MQTT_Receive_Data)
    MQTT_SendStr                             0x08004661   Thumb Code    40  bc260y.o(i.MQTT_SendStr)
    MQTT_Subscribe                           0x08004691   Thumb Code   136  bc260y.o(i.MQTT_Subscribe)
    MQTT_joint                               0x08004755   Thumb Code    66  bc260y.o(i.MQTT_joint)
    MX_FREERTOS_Init                         0x08004835   Thumb Code   104  freertos.o(i.MX_FREERTOS_Init)
    MX_GPIO_Init                             0x080048a5   Thumb Code   236  gpio.o(i.MX_GPIO_Init)
    MX_IWDG_Init                             0x0800499d   Thumb Code    38  iwdg.o(i.MX_IWDG_Init)
    MX_RTC_Init                              0x080049cd   Thumb Code   150  rtc.o(i.MX_RTC_Init)
    MX_SPI1_Init                             0x08004a6d   Thumb Code    76  spi.o(i.MX_SPI1_Init)
    MX_SPI2_Init                             0x08004ac1   Thumb Code    72  spi.o(i.MX_SPI2_Init)
    MX_TIM2_Init                             0x08004b11   Thumb Code   154  tim.o(i.MX_TIM2_Init)
    MX_TIM6_Init                             0x08004bb1   Thumb Code    68  tim.o(i.MX_TIM6_Init)
    MX_USART1_UART_Init                      0x08004bfd   Thumb Code    52  usart.o(i.MX_USART1_UART_Init)
    MX_USART2_UART_Init                      0x08004c39   Thumb Code    52  usart.o(i.MX_USART2_UART_Init)
    MX_USART3_UART_Init                      0x08004c75   Thumb Code    52  usart.o(i.MX_USART3_UART_Init)
    MemManage_Handler                        0x08004cb1   Thumb Code     2  stm32l4xx_it.o(i.MemManage_Handler)
    Motor_Working                            0x08004cb5   Thumb Code    16  tim.o(i.Motor_Working)
    NMI_Handler                              0x08004cc9   Thumb Code     2  stm32l4xx_it.o(i.NMI_Handler)
    PCD_AntennaOff                           0x08004ccb   Thumb Code     8  rc522s.o(i.PCD_AntennaOff)
    PCD_AntennaOn                            0x08004cd3   Thumb Code    26  rc522s.o(i.PCD_AntennaOn)
    PCD_Anticoll                             0x08004ced   Thumb Code   106  rc522s.o(i.PCD_Anticoll)
    PCD_AuthState                            0x08004d57   Thumb Code    82  rc522s.o(i.PCD_AuthState)
    PCD_Halt                                 0x08004da9   Thumb Code    48  rc522s.o(i.PCD_Halt)
    PCD_ReadBlock                            0x08004dd9   Thumb Code    76  rc522s.o(i.PCD_ReadBlock)
    PCD_Request                              0x08004e25   Thumb Code    80  rc522s.o(i.PCD_Request)
    PCD_Reset                                0x08004e75   Thumb Code   134  rc522s.o(i.PCD_Reset)
    PCD_Select                               0x08004f01   Thumb Code   100  rc522s.o(i.PCD_Select)
    PCD_WriteBlock                           0x08004f65   Thumb Code   132  rc522s.o(i.PCD_WriteBlock)
    ParseStr                                 0x08004fe9   Thumb Code  1640  cjson_user.o(i.ParseStr)
    RC522Stask                               0x080056d9   Thumb Code   376  rc522s.o(i.RC522Stask)
    RC522_Read_ID_Once                       0x0800587d   Thumb Code   162  rc522s.o(i.RC522_Read_ID_Once)
    RTC_Bcd2ToByte                           0x08005b1d   Thumb Code    18  stm32l4xx_hal_rtc.o(i.RTC_Bcd2ToByte)
    RTC_ByteToBcd2                           0x08005b2f   Thumb Code    24  stm32l4xx_hal_rtc.o(i.RTC_ByteToBcd2)
    RTC_EnterInitMode                        0x08005b49   Thumb Code    70  stm32l4xx_hal_rtc.o(i.RTC_EnterInitMode)
    RTC_ExitInitMode                         0x08005b91   Thumb Code    82  stm32l4xx_hal_rtc.o(i.RTC_ExitInitMode)
    SPI2_RW_Byte                             0x08005be9   Thumb Code    26  rc522s.o(i.SPI2_RW_Byte)
    StartDefaultTask                         0x08005e69   Thumb Code    22  freertos.o(i.StartDefaultTask)
    SysTick_Handler                          0x08005e85   Thumb Code    38  port.o(i.SysTick_Handler)
    SystemClock_Config                       0x08005eb1   Thumb Code   134  main.o(i.SystemClock_Config)
    SystemInit                               0x08005f3d   Thumb Code    12  system_stm32l4xx.o(i.SystemInit)
    TIM1_UP_TIM16_IRQHandler                 0x08005f4d   Thumb Code     6  stm32l4xx_it.o(i.TIM1_UP_TIM16_IRQHandler)
    TIM2_IRQHandler                          0x08005f59   Thumb Code     6  stm32l4xx_it.o(i.TIM2_IRQHandler)
    TIM6_DAC_IRQHandler                      0x08005f65   Thumb Code     6  stm32l4xx_it.o(i.TIM6_DAC_IRQHandler)
    TIM_Base_SetConfig                       0x08005f71   Thumb Code    94  stm32l4xx_hal_tim.o(i.TIM_Base_SetConfig)
    TIM_CCxChannelCmd                        0x08005fdd   Thumb Code    26  stm32l4xx_hal_tim.o(i.TIM_CCxChannelCmd)
    TIM_ETR_SetConfig                        0x08005ff7   Thumb Code    20  stm32l4xx_hal_tim.o(i.TIM_ETR_SetConfig)
    TIM_OC2_SetConfig                        0x08006095   Thumb Code   102  stm32l4xx_hal_tim.o(i.TIM_OC2_SetConfig)
    UART_AdvFeatureConfig                    0x080062df   Thumb Code   200  stm32l4xx_hal_uart.o(i.UART_AdvFeatureConfig)
    UART_CheckIdleState                      0x080063a7   Thumb Code    92  stm32l4xx_hal_uart.o(i.UART_CheckIdleState)
    UART_SetConfig                           0x08006405   Thumb Code   478  stm32l4xx_hal_uart.o(i.UART_SetConfig)
    UART_WaitOnFlagUntilTimeout              0x08006605   Thumb Code   198  stm32l4xx_hal_uart.o(i.UART_WaitOnFlagUntilTimeout)
    USART1_IRQHandler                        0x080066cd   Thumb Code    82  usart.o(i.USART1_IRQHandler)
    USART2_IRQHandler                        0x08006729   Thumb Code    86  usart.o(i.USART2_IRQHandler)
    USART3_IRQHandler                        0x08006789   Thumb Code    96  usart.o(i.USART3_IRQHandler)
    Uart_task                                0x080067f1   Thumb Code   388  cjson_user.o(i.Uart_task)
    UsageFault_Handler                       0x08006a45   Thumb Code     2  stm32l4xx_it.o(i.UsageFault_Handler)
    W25QXX_Write                             0x08006a49   Thumb Code   152  w25q64.o(i.W25QXX_Write)
    WaitCardOff                              0x08006aeb   Thumb Code    34  rc522s.o(i.WaitCardOff)
    Weight_Decode                            0x08006b0d   Thumb Code    22  hx711.o(i.Weight_Decode)
    Weight_encryption                        0x08006b29   Thumb Code    24  hx711.o(i.Weight_encryption)
    Write_Weight_To_Card                     0x08006b49   Thumb Code    42  hx711.o(i.Write_Weight_To_Card)
    __0printf                                0x08006b8d   Thumb Code    22  printfa.o(i.__0printf)
    __1printf                                0x08006b8d   Thumb Code     0  printfa.o(i.__0printf)
    __2printf                                0x08006b8d   Thumb Code     0  printfa.o(i.__0printf)
    __c89printf                              0x08006b8d   Thumb Code     0  printfa.o(i.__0printf)
    printf                                   0x08006b8d   Thumb Code     0  printfa.o(i.__0printf)
    __0sprintf                               0x08006bad   Thumb Code    34  printfa.o(i.__0sprintf)
    __1sprintf                               0x08006bad   Thumb Code     0  printfa.o(i.__0sprintf)
    __2sprintf                               0x08006bad   Thumb Code     0  printfa.o(i.__0sprintf)
    __c89sprintf                             0x08006bad   Thumb Code     0  printfa.o(i.__0sprintf)
    sprintf                                  0x08006bad   Thumb Code     0  printfa.o(i.__0sprintf)
    free                                     0x08006bf5   Thumb Code    88  mallocr.o(i.__free$realloc)
    __hardfp_strtod                          0x08006c51   Thumb Code    30  strtod.o(i.__hardfp_strtod)
    malloc                                   0x08006c79   Thumb Code    64  mallocr.o(i.__malloc$realloc)
    __scatterload_copy                       0x08006cc9   Thumb Code    14  handlers.o(i.__scatterload_copy)
    __scatterload_null                       0x08006cd7   Thumb Code     2  handlers.o(i.__scatterload_null)
    __scatterload_zeroinit                   0x08006cd9   Thumb Code    14  handlers.o(i.__scatterload_zeroinit)
    _is_digit                                0x08006e73   Thumb Code    14  scanf_fp.o(i._is_digit)
    beep_off                                 0x08007597   Thumb Code    14  gpio.o(i.beep_off)
    beep_on                                  0x080075a5   Thumb Code    12  gpio.o(i.beep_on)
    cJSON_Delete                             0x080075e1   Thumb Code    66  cjson.o(i.cJSON_Delete)
    cJSON_GetErrorPtr                        0x08007629   Thumb Code    10  cjson.o(i.cJSON_GetErrorPtr)
    cJSON_GetObjectItem                      0x08007639   Thumb Code     6  cjson.o(i.cJSON_GetObjectItem)
    cJSON_Parse                              0x08007655   Thumb Code     8  cjson.o(i.cJSON_Parse)
    cJSON_ParseWithLengthOpts                0x0800765d   Thumb Code   210  cjson.o(i.cJSON_ParseWithLengthOpts)
    cJSON_ParseWithOpts                      0x08007739   Thumb Code    34  cjson.o(i.cJSON_ParseWithOpts)
    connect_mqtt                             0x0800775d   Thumb Code    44  bc260y.o(i.connect_mqtt)
    fputc                                    0x0800778d   Thumb Code    20  usart.o(i.fputc)
    main                                     0x08007871   Thumb Code    74  main.o(i.main)
    osDelay                                  0x080078c7   Thumb Code    14  cmsis_os.o(i.osDelay)
    osKernelStart                            0x080078d5   Thumb Code    10  cmsis_os.o(i.osKernelStart)
    osThreadCreate                           0x080078df   Thumb Code    84  cmsis_os.o(i.osThreadCreate)
    pvPortMalloc                             0x080082a9   Thumb Code   216  heap_4.o(i.pvPortMalloc)
    pxPortInitialiseStack                    0x08008385   Thumb Code    40  port.o(i.pxPortInitialiseStack)
    realloc                                  0x080083b1   Thumb Code   102  mallocr.o(i.realloc)
    uxListRemove                             0x080084ef   Thumb Code    38  list.o(i.uxListRemove)
    vApplicationGetIdleTaskMemory            0x08008515   Thumb Code    16  freertos.o(i.vApplicationGetIdleTaskMemory)
    vListInitialise                          0x08008529   Thumb Code    22  list.o(i.vListInitialise)
    vListInitialiseItem                      0x0800853f   Thumb Code     6  list.o(i.vListInitialiseItem)
    vListInsert                              0x08008545   Thumb Code    48  list.o(i.vListInsert)
    vListInsertEnd                           0x08008575   Thumb Code    24  list.o(i.vListInsertEnd)
    vPortEnterCritical                       0x0800858d   Thumb Code    54  port.o(i.vPortEnterCritical)
    vPortExitCritical                        0x080085cd   Thumb Code    34  port.o(i.vPortExitCritical)
    vPortFree                                0x080085f5   Thumb Code    94  heap_4.o(i.vPortFree)
    vPortSetupTimerInterrupt                 0x08008659   Thumb Code    32  port.o(i.vPortSetupTimerInterrupt)
    vTaskDelay                               0x0800867d   Thumb Code    66  tasks.o(i.vTaskDelay)
    vTaskInternalSetTimeOutState             0x080086c9   Thumb Code    12  tasks.o(i.vTaskInternalSetTimeOutState)
    vTaskMissedYield                         0x080086d9   Thumb Code     8  tasks.o(i.vTaskMissedYield)
    vTaskPlaceOnEventList                    0x080086e5   Thumb Code    44  tasks.o(i.vTaskPlaceOnEventList)
    vTaskStartScheduler                      0x08008715   Thumb Code    90  tasks.o(i.vTaskStartScheduler)
    vTaskSuspendAll                          0x08008781   Thumb Code    10  tasks.o(i.vTaskSuspendAll)
    vTaskSwitchContext                       0x08008791   Thumb Code    82  tasks.o(i.vTaskSwitchContext)
    work_task                                0x080087ed   Thumb Code   668  work.o(i.work_task)
    xPortStartScheduler                      0x08008add   Thumb Code   222  port.o(i.xPortStartScheduler)
    xQueueCreateMutex                        0x08008bd1   Thumb Code    22  queue.o(i.xQueueCreateMutex)
    xQueueGenericCreate                      0x08008be7   Thumb Code    66  queue.o(i.xQueueGenericCreate)
    xQueueGenericReset                       0x08008c29   Thumb Code   132  queue.o(i.xQueueGenericReset)
    xQueueGenericSend                        0x08008cb1   Thumb Code   346  queue.o(i.xQueueGenericSend)
    xTaskCheckForTimeOut                     0x08008e11   Thumb Code   112  tasks.o(i.xTaskCheckForTimeOut)
    xTaskCreate                              0x08008e85   Thumb Code    90  tasks.o(i.xTaskCreate)
    xTaskCreateStatic                        0x08008ee5   Thumb Code    86  tasks.o(i.xTaskCreateStatic)
    xTaskGetSchedulerState                   0x08008f3d   Thumb Code    22  tasks.o(i.xTaskGetSchedulerState)
    xTaskGetTickCount                        0x08008f59   Thumb Code     6  tasks.o(i.xTaskGetTickCount)
    xTaskIncrementTick                       0x08008f65   Thumb Code   194  tasks.o(i.xTaskIncrementTick)
    xTaskPriorityDisinherit                  0x08009031   Thumb Code   144  tasks.o(i.xTaskPriorityDisinherit)
    xTaskRemoveFromEventList                 0x080090c9   Thumb Code   108  tasks.o(i.xTaskRemoveFromEventList)
    xTaskResumeAll                           0x0800913d   Thumb Code   182  tasks.o(i.xTaskResumeAll)
    AHBPrescTable                            0x08009270   Data          16  system_stm32l4xx.o(.constdata)
    MSIRangeTable                            0x08009280   Data          48  system_stm32l4xx.o(.constdata)
    APBPrescTable                            0x080092b0   Data           8  system_stm32l4xx.o(.constdata)
    __ctype_categories                       0x080092b8   Data          64  ctype_c.o(.constdata)
    Region$$Table$$Base                      0x080093e8   Number         0  anon$$obj.o(Region$$Table)
    Region$$Table$$Limit                     0x08009408   Number         0  anon$$obj.o(Region$$Table)
    Send_timing_wakeup                       0x20000000   Data           2  main.o(.data)
    readCard_delay                           0x20000002   Data           2  main.o(.data)
    Send_Timeout                             0x20000004   Data           4  main.o(.data)
    GetData                                  0x20000008   Data           4  main.o(.data)
    startTaskHandle                          0x2000000c   Data           4  freertos.o(.data)
    MutexSemaphore                           0x20000010   Data           4  freertos.o(.data)
    BC260YTaskHandle                         0x20000014   Data           4  freertos.o(.data)
    WorkTaskHandle                           0x20000018   Data           4  freertos.o(.data)
    RC522STaskHandle                         0x2000001c   Data           4  freertos.o(.data)
    UART1_RX_STA                             0x20000020   Data           2  usart.o(.data)
    UART2_RX_STA                             0x20000022   Data           2  usart.o(.data)
    UART3_RX_STA                             0x20000024   Data           2  usart.o(.data)
    __stdout                                 0x20000028   Data           4  usart.o(.data)
    uwTickFreq                               0x2000002c   Data           1  stm32l4xx_hal.o(.data)
    uwTickPrio                               0x20000030   Data           4  stm32l4xx_hal.o(.data)
    uwTick                                   0x20000034   Data           4  stm32l4xx_hal.o(.data)
    SystemCoreClock                          0x20000038   Data           4  system_stm32l4xx.o(.data)
    pxCurrentTCB                             0x2000003c   Data           4  tasks.o(.data)
    strx                                     0x200000b8   Data           4  bc260y.o(.data)
    __microlib_freelist                      0x200000c8   Data           4  mvars.o(.data)
    __microlib_freelist_initialised          0x200000cc   Data           4  mvars.o(.data)
    GetTime                                  0x200000d0   Data          20  main.o(.bss)
    hiwdg                                    0x20000338   Data          16  iwdg.o(.bss)
    hrtc                                     0x20000348   Data          36  rtc.o(.bss)
    hspi1                                    0x2000036c   Data         100  spi.o(.bss)
    hspi2                                    0x200003d0   Data         100  spi.o(.bss)
    htim2                                    0x20000434   Data          76  tim.o(.bss)
    htim6                                    0x20000480   Data          76  tim.o(.bss)
    UART1_RX_Buffer                          0x200004cc   Data         300  usart.o(.bss)
    UART2_RX_Buffer                          0x200005f8   Data         300  usart.o(.bss)
    UART3_RX_Buffer                          0x20000724   Data         300  usart.o(.bss)
    huart1                                   0x20000850   Data         132  usart.o(.bss)
    huart2                                   0x200008d4   Data         132  usart.o(.bss)
    huart3                                   0x20000958   Data         132  usart.o(.bss)
    htim1                                    0x200009dc   Data          76  stm32l4xx_hal_timebase_tim.o(.bss)
    Cjson_Buf                                0x20001d18   Data         962  cjson_user.o(.bss)
    JSON_MASSAGE                             0x200020da   Data         200  bc260y.o(.bss)
    BC260_Massage                            0x200021a2   Data         943  bc260y.o(.bss)
    t_json                                   0x20002551   Data          70  bc260y.o(.bss)
    HX711_Massage                            0x20002598   Data          24  hx711.o(.bss)
    Pcd_Massage_Flag                         0x200025b0   Data          12  rc522s.o(.bss)
    work_time                                0x200025bc   Data          16  work.o(.bss)
    W25QXX_BUFFER                            0x200025cc   Data        4096  w25q64.o(.bss)
    __heap_base                              0x200035d0   Data           0  startup_stm32l431xx.o(HEAP)
    __heap_limit                             0x20003dd0   Data           0  startup_stm32l431xx.o(HEAP)
    __initial_sp                             0x200047d0   Data           0  startup_stm32l431xx.o(STACK)



==============================================================================

Memory Map of the image

  Image Entry point : 0x0800018d

  Load Region LR_IROM1 (Base: 0x08000000, Size: 0x000094d8, Max: 0x00040000, ABSOLUTE)

    Execution Region ER_IROM1 (Exec base: 0x08000000, Load base: 0x08000000, Size: 0x00009408, Max: 0x00040000, ABSOLUTE)

    Exec Addr    Load Addr    Size         Type   Attr      Idx    E Section Name        Object

    0x08000000   0x08000000   0x0000018c   Data   RO            3    RESET               startup_stm32l431xx.o
    0x0800018c   0x0800018c   0x00000000   Code   RO         7525  * .ARM.Collect$$$$00000000  mc_w.l(entry.o)
    0x0800018c   0x0800018c   0x00000004   Code   RO         7867    .ARM.Collect$$$$00000001  mc_w.l(entry2.o)
    0x08000190   0x08000190   0x00000004   Code   RO         7870    .ARM.Collect$$$$00000004  mc_w.l(entry5.o)
    0x08000194   0x08000194   0x00000000   Code   RO         7872    .ARM.Collect$$$$00000008  mc_w.l(entry7b.o)
    0x08000194   0x08000194   0x00000000   Code   RO         7874    .ARM.Collect$$$$0000000A  mc_w.l(entry8b.o)
    0x08000194   0x08000194   0x00000008   Code   RO         7875    .ARM.Collect$$$$0000000B  mc_w.l(entry9a.o)
    0x0800019c   0x0800019c   0x00000004   Code   RO         7882    .ARM.Collect$$$$0000000E  mc_w.l(entry12b.o)
    0x080001a0   0x080001a0   0x00000000   Code   RO         7877    .ARM.Collect$$$$0000000F  mc_w.l(entry10a.o)
    0x080001a0   0x080001a0   0x00000000   Code   RO         7879    .ARM.Collect$$$$00000011  mc_w.l(entry11a.o)
    0x080001a0   0x080001a0   0x00000004   Code   RO         7868    .ARM.Collect$$$$00002712  mc_w.l(entry2.o)
    0x080001a4   0x080001a4   0x000000de   Code   RO         6259    .emb_text           port.o
    0x08000282   0x08000282   0x00000002   PAD
    0x08000284   0x08000284   0x00000024   Code   RO            4    .text               startup_stm32l431xx.o
    0x080002a8   0x080002a8   0x00000068   Code   RO         7528    .text               mc_w.l(uldiv.o)
    0x08000310   0x08000310   0x0000000c   Code   RO         7530    .text               mc_w.l(tolower.o)
    0x0800031c   0x0800031c   0x00000024   Code   RO         7532    .text               mc_w.l(memcpya.o)
    0x08000340   0x08000340   0x00000024   Code   RO         7536    .text               mc_w.l(memseta.o)
    0x08000364   0x08000364   0x00000024   Code   RO         7538    .text               mc_w.l(strstr.o)
    0x08000388   0x08000388   0x0000000e   Code   RO         7540    .text               mc_w.l(strlen.o)
    0x08000396   0x08000396   0x0000001c   Code   RO         7542    .text               mc_w.l(strcmp.o)
    0x080003b2   0x080003b2   0x00000012   Code   RO         7544    .text               mc_w.l(strcpy.o)
    0x080003c4   0x080003c4   0x0000001e   Code   RO         7546    .text               mc_w.l(strncmp.o)
    0x080003e2   0x080003e2   0x00000002   PAD
    0x080003e4   0x080003e4   0x00000038   Code   RO         7839    .text               mc_w.l(__0sscanf.o)
    0x0800041c   0x0800041c   0x00000152   Code   RO         7841    .text               mc_w.l(_scanf_int.o)
    0x0800056e   0x0800056e   0x000000e6   Code   RO         7843    .text               mc_w.l(_scanf_str.o)
    0x08000654   0x08000654   0x00000366   Code   RO         7845    .text               mc_w.l(scanf_fp.o)
    0x080009ba   0x080009ba   0x0000015e   Code   RO         7849    .text               mf_w.l(dadd.o)
    0x08000b18   0x08000b18   0x000000ea   Code   RO         7851    .text               mf_w.l(dmul.o)
    0x08000c02   0x08000c02   0x000000de   Code   RO         7853    .text               mf_w.l(ddiv.o)
    0x08000ce0   0x08000ce0   0x00000022   Code   RO         7855    .text               mf_w.l(dflti.o)
    0x08000d02   0x08000d02   0x0000003e   Code   RO         7857    .text               mf_w.l(dfixi.o)
    0x08000d40   0x08000d40   0x00000026   Code   RO         7859    .text               mf_w.l(f2d.o)
    0x08000d66   0x08000d66   0x00000002   PAD
    0x08000d68   0x08000d68   0x00000030   Code   RO         7861    .text               mf_w.l(cdcmple.o)
    0x08000d98   0x08000d98   0x00000030   Code   RO         7863    .text               mf_w.l(cdrcmple.o)
    0x08000dc8   0x08000dc8   0x00000038   Code   RO         7865    .text               mf_w.l(d2f.o)
    0x08000e00   0x08000e00   0x0000002c   Code   RO         7883    .text               mc_w.l(uidiv.o)
    0x08000e2c   0x08000e2c   0x0000001e   Code   RO         7885    .text               mc_w.l(llshl.o)
    0x08000e4a   0x08000e4a   0x00000020   Code   RO         7887    .text               mc_w.l(llushr.o)
    0x08000e6a   0x08000e6a   0x00000024   Code   RO         7889    .text               mc_w.l(llsshr.o)
    0x08000e8e   0x08000e8e   0x0000001c   Code   RO         7893    .text               mc_w.l(_chval.o)
    0x08000eaa   0x08000eaa   0x00000002   PAD
    0x08000eac   0x08000eac   0x00000028   Code   RO         7895    .text               mc_w.l(scanf_char.o)
    0x08000ed4   0x08000ed4   0x00000040   Code   RO         7897    .text               mc_w.l(_sgetc.o)
    0x08000f14   0x08000f14   0x0000009c   Code   RO         7899    .text               mc_w.l(strtod.o)
    0x08000fb0   0x08000fb0   0x00000000   Code   RO         7901    .text               mc_w.l(iusefp.o)
    0x08000fb0   0x08000fb0   0x0000006e   Code   RO         7902    .text               mf_w.l(fepilogue.o)
    0x0800101e   0x0800101e   0x000000ba   Code   RO         7904    .text               mf_w.l(depilogue.o)
    0x080010d8   0x080010d8   0x00000018   Code   RO         7906    .text               mf_w.l(dfltul.o)
    0x080010f0   0x080010f0   0x00000030   Code   RO         7908    .text               mf_w.l(dfixul.o)
    0x08001120   0x08001120   0x00000024   Code   RO         7910    .text               mc_w.l(init.o)
    0x08001144   0x08001144   0x0000000a   Code   RO         7912    .text               mc_w.l(isspace_c.o)
    0x0800114e   0x0800114e   0x00000002   PAD
    0x08001150   0x08001150   0x00000336   Code   RO         7914    .text               mc_w.l(_scanf.o)
    0x08001486   0x08001486   0x00000002   PAD
    0x08001488   0x08001488   0x00000028   Code   RO         7916    .text               mc_w.l(ctype_c.o)
    0x080014b0   0x080014b0   0x00000138   Code   RO         7025    i.BC260Y_Init       bc260y.o
    0x080015e8   0x080015e8   0x000001d0   Code   RO         7026    i.BC260Y_task       bc260y.o
    0x080017b8   0x080017b8   0x00000070   Code   RO         7428    i.BSP_W25Qx_Erase_Block  w25q64.o
    0x08001828   0x08001828   0x00000050   Code   RO         7430    i.BSP_W25Qx_GetStatus  w25q64.o
    0x08001878   0x08001878   0x00000040   Code   RO         7431    i.BSP_W25Qx_Init    w25q64.o
    0x080018b8   0x080018b8   0x00000060   Code   RO         7432    i.BSP_W25Qx_Read    w25q64.o
    0x08001918   0x08001918   0x000000c2   Code   RO         7434    i.BSP_W25Qx_Write   w25q64.o
    0x080019da   0x080019da   0x00000002   PAD
    0x080019dc   0x080019dc   0x0000005c   Code   RO         7435    i.BSP_W25Qx_WriteEnable  w25q64.o
    0x08001a38   0x08001a38   0x00000002   Code   RO          649    i.BusFault_Handler  stm32l4xx_it.o
    0x08001a3a   0x08001a3a   0x00000002   PAD
    0x08001a3c   0x08001a3c   0x00000060   Code   RO         7027    i.Clear_Buffer      bc260y.o
    0x08001a9c   0x08001a9c   0x00000002   Code   RO          650    i.DebugMon_Handler  stm32l4xx_it.o
    0x08001a9e   0x08001a9e   0x00000004   Code   RO           13    i.Error_Handler     main.o
    0x08001aa2   0x08001aa2   0x00000002   PAD
    0x08001aa4   0x08001aa4   0x0000006c   Code   RO         7436    i.Flash_Data_Init   w25q64.o
    0x08001b10   0x08001b10   0x00000054   Code   RO         7143    i.Get_Weight        hx711.o
    0x08001b64   0x08001b64   0x00000040   Code   RO         7144    i.Get_WeightBase    hx711.o
    0x08001ba4   0x08001ba4   0x00000024   Code   RO          795    i.HAL_Delay         stm32l4xx_hal.o
    0x08001bc8   0x08001bc8   0x000001d6   Code   RO         2044    i.HAL_GPIO_Init     stm32l4xx_hal_gpio.o
    0x08001d9e   0x08001d9e   0x0000000a   Code   RO         2046    i.HAL_GPIO_ReadPin  stm32l4xx_hal_gpio.o
    0x08001da8   0x08001da8   0x0000000a   Code   RO         2048    i.HAL_GPIO_WritePin  stm32l4xx_hal_gpio.o
    0x08001db2   0x08001db2   0x00000002   PAD
    0x08001db4   0x08001db4   0x0000000c   Code   RO          799    i.HAL_GetTick       stm32l4xx_hal.o
    0x08001dc0   0x08001dc0   0x00000066   Code   RO         2733    i.HAL_IWDG_Init     stm32l4xx_hal_iwdg.o
    0x08001e26   0x08001e26   0x0000000c   Code   RO         2734    i.HAL_IWDG_Refresh  stm32l4xx_hal_iwdg.o
    0x08001e32   0x08001e32   0x00000002   PAD
    0x08001e34   0x08001e34   0x00000010   Code   RO          805    i.HAL_IncTick       stm32l4xx_hal.o
    0x08001e44   0x08001e44   0x0000001e   Code   RO          806    i.HAL_Init          stm32l4xx_hal.o
    0x08001e62   0x08001e62   0x00000002   PAD
    0x08001e64   0x08001e64   0x0000008c   Code   RO          749    i.HAL_InitTick      stm32l4xx_hal_timebase_tim.o
    0x08001ef0   0x08001ef0   0x00000034   Code   RO          725    i.HAL_MspInit       stm32l4xx_hal_msp.o
    0x08001f24   0x08001f24   0x0000001a   Code   RO         2531    i.HAL_NVIC_EnableIRQ  stm32l4xx_hal_cortex.o
    0x08001f3e   0x08001f3e   0x00000002   PAD
    0x08001f40   0x08001f40   0x00000040   Code   RO         2537    i.HAL_NVIC_SetPriority  stm32l4xx_hal_cortex.o
    0x08001f80   0x08001f80   0x00000024   Code   RO         2538    i.HAL_NVIC_SetPriorityGrouping  stm32l4xx_hal_cortex.o
    0x08001fa4   0x08001fa4   0x00000068   Code   RO         2335    i.HAL_PWREx_ControlVoltageScaling  stm32l4xx_hal_pwr_ex.o
    0x0800200c   0x0800200c   0x00000010   Code   RO         2358    i.HAL_PWREx_GetVoltageRange  stm32l4xx_hal_pwr_ex.o
    0x0800201c   0x0800201c   0x00000010   Code   RO         2227    i.HAL_PWR_EnableBkUpAccess  stm32l4xx_hal_pwr.o
    0x0800202c   0x0800202c   0x000002ba   Code   RO         1677    i.HAL_RCCEx_PeriphCLKConfig  stm32l4xx_hal_rcc_ex.o
    0x080022e6   0x080022e6   0x00000002   PAD
    0x080022e8   0x080022e8   0x00000144   Code   RO         1549    i.HAL_RCC_ClockConfig  stm32l4xx_hal_rcc.o
    0x0800242c   0x0800242c   0x00000040   Code   RO         1552    i.HAL_RCC_GetClockConfig  stm32l4xx_hal_rcc.o
    0x0800246c   0x0800246c   0x00000024   Code   RO         1555    i.HAL_RCC_GetPCLK1Freq  stm32l4xx_hal_rcc.o
    0x08002490   0x08002490   0x00000024   Code   RO         1556    i.HAL_RCC_GetPCLK2Freq  stm32l4xx_hal_rcc.o
    0x080024b4   0x080024b4   0x000000a4   Code   RO         1558    i.HAL_RCC_GetSysClockFreq  stm32l4xx_hal_rcc.o
    0x08002558   0x08002558   0x00000560   Code   RO         1561    i.HAL_RCC_OscConfig  stm32l4xx_hal_rcc.o
    0x08002ab8   0x08002ab8   0x0000000a   Code   RO         2937    i.HAL_RTCEx_BKUPRead  stm32l4xx_hal_rtc_ex.o
    0x08002ac2   0x08002ac2   0x00000010   Code   RO         2938    i.HAL_RTCEx_BKUPWrite  stm32l4xx_hal_rtc_ex.o
    0x08002ad2   0x08002ad2   0x00000002   PAD
    0x08002ad4   0x08002ad4   0x00000044   Code   RO         2773    i.HAL_RTC_GetDate   stm32l4xx_hal_rtc.o
    0x08002b18   0x08002b18   0x00000054   Code   RO         2775    i.HAL_RTC_GetTime   stm32l4xx_hal_rtc.o
    0x08002b6c   0x08002b6c   0x0000009c   Code   RO         2776    i.HAL_RTC_Init      stm32l4xx_hal_rtc.o
    0x08002c08   0x08002c08   0x00000044   Code   RO          401    i.HAL_RTC_MspInit   rtc.o
    0x08002c4c   0x08002c4c   0x000000a0   Code   RO         2782    i.HAL_RTC_SetDate   stm32l4xx_hal_rtc.o
    0x08002cec   0x08002cec   0x000000cc   Code   RO         2783    i.HAL_RTC_SetTime   stm32l4xx_hal_rtc.o
    0x08002db8   0x08002db8   0x00000036   Code   RO         2784    i.HAL_RTC_WaitForSynchro  stm32l4xx_hal_rtc.o
    0x08002dee   0x08002dee   0x000000e0   Code   RO         3187    i.HAL_SPI_Init      stm32l4xx_hal_spi.o
    0x08002ece   0x08002ece   0x00000002   PAD
    0x08002ed0   0x08002ed0   0x000000a4   Code   RO          443    i.HAL_SPI_MspInit   spi.o
    0x08002f74   0x08002f74   0x0000018e   Code   RO         3190    i.HAL_SPI_Receive   stm32l4xx_hal_spi.o
    0x08003102   0x08003102   0x0000018e   Code   RO         3195    i.HAL_SPI_Transmit  stm32l4xx_hal_spi.o
    0x08003290   0x08003290   0x00000268   Code   RO         3196    i.HAL_SPI_TransmitReceive  stm32l4xx_hal_spi.o
    0x080034f8   0x080034f8   0x00000002   Code   RO         4243    i.HAL_TIMEx_Break2Callback  stm32l4xx_hal_tim_ex.o
    0x080034fa   0x080034fa   0x00000002   Code   RO         4244    i.HAL_TIMEx_BreakCallback  stm32l4xx_hal_tim_ex.o
    0x080034fc   0x080034fc   0x00000002   Code   RO         4245    i.HAL_TIMEx_CommutCallback  stm32l4xx_hal_tim_ex.o
    0x080034fe   0x080034fe   0x00000002   PAD
    0x08003500   0x08003500   0x0000006c   Code   RO         4265    i.HAL_TIMEx_MasterConfigSynchronization  stm32l4xx_hal_tim_ex.o
    0x0800356c   0x0800356c   0x00000062   Code   RO         3529    i.HAL_TIM_Base_Init  stm32l4xx_hal_tim.o
    0x080035ce   0x080035ce   0x00000002   PAD
    0x080035d0   0x080035d0   0x00000060   Code   RO          491    i.HAL_TIM_Base_MspInit  tim.o
    0x08003630   0x08003630   0x00000058   Code   RO         3534    i.HAL_TIM_Base_Start_IT  stm32l4xx_hal_tim.o
    0x08003688   0x08003688   0x000000e0   Code   RO         3538    i.HAL_TIM_ConfigClockSource  stm32l4xx_hal_tim.o
    0x08003768   0x08003768   0x00000002   Code   RO         3563    i.HAL_TIM_IC_CaptureCallback  stm32l4xx_hal_tim.o
    0x0800376a   0x0800376a   0x00000184   Code   RO         3577    i.HAL_TIM_IRQHandler  stm32l4xx_hal_tim.o
    0x080038ee   0x080038ee   0x00000002   PAD
    0x080038f0   0x080038f0   0x0000005c   Code   RO          492    i.HAL_TIM_MspPostInit  tim.o
    0x0800394c   0x0800394c   0x00000002   Code   RO         3580    i.HAL_TIM_OC_DelayElapsedCallback  stm32l4xx_hal_tim.o
    0x0800394e   0x0800394e   0x00000124   Code   RO         3601    i.HAL_TIM_PWM_ConfigChannel  stm32l4xx_hal_tim.o
    0x08003a72   0x08003a72   0x00000062   Code   RO         3604    i.HAL_TIM_PWM_Init  stm32l4xx_hal_tim.o
    0x08003ad4   0x08003ad4   0x00000002   Code   RO         3606    i.HAL_TIM_PWM_MspInit  stm32l4xx_hal_tim.o
    0x08003ad6   0x08003ad6   0x00000002   Code   RO         3607    i.HAL_TIM_PWM_PulseFinishedCallback  stm32l4xx_hal_tim.o
    0x08003ad8   0x08003ad8   0x000000d0   Code   RO         3609    i.HAL_TIM_PWM_Start  stm32l4xx_hal_tim.o
    0x08003ba8   0x08003ba8   0x00000080   Code   RO           14    i.HAL_TIM_PeriodElapsedCallback  main.o
    0x08003c28   0x08003c28   0x00000002   Code   RO         3620    i.HAL_TIM_TriggerCallback  stm32l4xx_hal_tim.o
    0x08003c2a   0x08003c2a   0x00000066   Code   RO         4557    i.HAL_UART_Init     stm32l4xx_hal_uart.o
    0x08003c90   0x08003c90   0x000001d8   Code   RO          552    i.HAL_UART_MspInit  usart.o
    0x08003e68   0x08003e68   0x000000b6   Code   RO         4566    i.HAL_UART_Transmit  stm32l4xx_hal_uart.o
    0x08003f1e   0x08003f1e   0x00000002   PAD
    0x08003f20   0x08003f20   0x00000050   Code   RO         7145    i.HX711_Delay_us    hx711.o
    0x08003f70   0x08003f70   0x0000008c   Code   RO         7147    i.HX711_Read        hx711.o
    0x08003ffc   0x08003ffc   0x0000001c   Code   RO         7148    i.HX711_Value_Dispose  hx711.o
    0x08004018   0x08004018   0x00000002   Code   RO          651    i.HardFault_Handler  stm32l4xx_it.o
    0x0800401a   0x0800401a   0x00000002   PAD
    0x0800401c   0x0800401c   0x00000064   Code   RO         7230    i.MFRC_CalulateCRC  rc522s.o
    0x08004080   0x08004080   0x00000018   Code   RO         7231    i.MFRC_ClrBitMask   rc522s.o
    0x08004098   0x08004098   0x00000126   Code   RO         7232    i.MFRC_CmdFrame     rc522s.o
    0x080041be   0x080041be   0x00000002   PAD
    0x080041c0   0x080041c0   0x00000020   Code   RO         7233    i.MFRC_Init         rc522s.o
    0x080041e0   0x080041e0   0x0000003c   Code   RO         7234    i.MFRC_ReadReg      rc522s.o
    0x0800421c   0x0800421c   0x00000018   Code   RO         7235    i.MFRC_SetBitMask   rc522s.o
    0x08004234   0x08004234   0x0000003c   Code   RO         7236    i.MFRC_WriteReg     rc522s.o
    0x08004270   0x08004270   0x0000013c   Code   RO         7028    i.MQTT_Publish      bc260y.o
    0x080043ac   0x080043ac   0x000000dc   Code   RO         7029    i.MQTT_QMTCONN      bc260y.o
    0x08004488   0x08004488   0x000000b8   Code   RO         7030    i.MQTT_QMTOPEN      bc260y.o
    0x08004540   0x08004540   0x00000120   Code   RO         7032    i.MQTT_Receive_Data  bc260y.o
    0x08004660   0x08004660   0x00000030   Code   RO         7033    i.MQTT_SendStr      bc260y.o
    0x08004690   0x08004690   0x000000c4   Code   RO         7034    i.MQTT_Subscribe    bc260y.o
    0x08004754   0x08004754   0x000000e0   Code   RO         7036    i.MQTT_joint        bc260y.o
    0x08004834   0x08004834   0x00000070   Code   RO          298    i.MX_FREERTOS_Init  freertos.o
    0x080048a4   0x080048a4   0x000000f8   Code   RO          262    i.MX_GPIO_Init      gpio.o
    0x0800499c   0x0800499c   0x00000030   Code   RO          370    i.MX_IWDG_Init      iwdg.o
    0x080049cc   0x080049cc   0x000000a0   Code   RO          402    i.MX_RTC_Init       rtc.o
    0x08004a6c   0x08004a6c   0x00000054   Code   RO          444    i.MX_SPI1_Init      spi.o
    0x08004ac0   0x08004ac0   0x00000050   Code   RO          445    i.MX_SPI2_Init      spi.o
    0x08004b10   0x08004b10   0x000000a0   Code   RO          493    i.MX_TIM2_Init      tim.o
    0x08004bb0   0x08004bb0   0x0000004c   Code   RO          494    i.MX_TIM6_Init      tim.o
    0x08004bfc   0x08004bfc   0x0000003c   Code   RO          553    i.MX_USART1_UART_Init  usart.o
    0x08004c38   0x08004c38   0x0000003c   Code   RO          554    i.MX_USART2_UART_Init  usart.o
    0x08004c74   0x08004c74   0x0000003c   Code   RO          555    i.MX_USART3_UART_Init  usart.o
    0x08004cb0   0x08004cb0   0x00000002   Code   RO          652    i.MemManage_Handler  stm32l4xx_it.o
    0x08004cb2   0x08004cb2   0x00000002   PAD
    0x08004cb4   0x08004cb4   0x00000014   Code   RO          495    i.Motor_Working     tim.o
    0x08004cc8   0x08004cc8   0x00000002   Code   RO          653    i.NMI_Handler       stm32l4xx_it.o
    0x08004cca   0x08004cca   0x00000008   Code   RO         7237    i.PCD_AntennaOff    rc522s.o
    0x08004cd2   0x08004cd2   0x0000001a   Code   RO         7238    i.PCD_AntennaOn     rc522s.o
    0x08004cec   0x08004cec   0x0000006a   Code   RO         7239    i.PCD_Anticoll      rc522s.o
    0x08004d56   0x08004d56   0x00000052   Code   RO         7240    i.PCD_AuthState     rc522s.o
    0x08004da8   0x08004da8   0x00000030   Code   RO         7242    i.PCD_Halt          rc522s.o
    0x08004dd8   0x08004dd8   0x0000004c   Code   RO         7244    i.PCD_ReadBlock     rc522s.o
    0x08004e24   0x08004e24   0x00000050   Code   RO         7245    i.PCD_Request       rc522s.o
    0x08004e74   0x08004e74   0x0000008c   Code   RO         7246    i.PCD_Reset         rc522s.o
    0x08004f00   0x08004f00   0x00000064   Code   RO         7247    i.PCD_Select        rc522s.o
    0x08004f64   0x08004f64   0x00000084   Code   RO         7249    i.PCD_WriteBlock    rc522s.o
    0x08004fe8   0x08004fe8   0x000006ee   Code   RO         6958    i.ParseStr          cjson_user.o
    0x080056d6   0x080056d6   0x00000002   PAD
    0x080056d8   0x080056d8   0x000001a4   Code   RO         7250    i.RC522Stask        rc522s.o
    0x0800587c   0x0800587c   0x000000f8   Code   RO         7251    i.RC522_Read_ID_Once  rc522s.o
    0x08005974   0x08005974   0x0000012c   Code   RO         1681    i.RCCEx_PLLSAI1_Config  stm32l4xx_hal_rcc_ex.o
    0x08005aa0   0x08005aa0   0x0000007c   Code   RO         1562    i.RCC_SetFlashLatencyFromMSIRange  stm32l4xx_hal_rcc.o
    0x08005b1c   0x08005b1c   0x00000012   Code   RO         2785    i.RTC_Bcd2ToByte    stm32l4xx_hal_rtc.o
    0x08005b2e   0x08005b2e   0x00000018   Code   RO         2786    i.RTC_ByteToBcd2    stm32l4xx_hal_rtc.o
    0x08005b46   0x08005b46   0x00000002   PAD
    0x08005b48   0x08005b48   0x00000046   Code   RO         2787    i.RTC_EnterInitMode  stm32l4xx_hal_rtc.o
    0x08005b8e   0x08005b8e   0x00000002   PAD
    0x08005b90   0x08005b90   0x00000058   Code   RO         2788    i.RTC_ExitInitMode  stm32l4xx_hal_rtc.o
    0x08005be8   0x08005be8   0x00000024   Code   RO         7252    i.SPI2_RW_Byte      rc522s.o
    0x08005c0c   0x08005c0c   0x00000074   Code   RO         3224    i.SPI_EndRxTransaction  stm32l4xx_hal_spi.o
    0x08005c80   0x08005c80   0x00000048   Code   RO         3225    i.SPI_EndRxTxTransaction  stm32l4xx_hal_spi.o
    0x08005cc8   0x08005cc8   0x000000e6   Code   RO         3230    i.SPI_WaitFifoStateUntilTimeout  stm32l4xx_hal_spi.o
    0x08005dae   0x08005dae   0x00000002   PAD
    0x08005db0   0x08005db0   0x000000b8   Code   RO         3231    i.SPI_WaitFlagStateUntilTimeout  stm32l4xx_hal_spi.o
    0x08005e68   0x08005e68   0x0000001c   Code   RO          299    i.StartDefaultTask  freertos.o
    0x08005e84   0x08005e84   0x0000002c   Code   RO         6260    i.SysTick_Handler   port.o
    0x08005eb0   0x08005eb0   0x0000008c   Code   RO           15    i.SystemClock_Config  main.o
    0x08005f3c   0x08005f3c   0x00000010   Code   RO         5005    i.SystemInit        system_stm32l4xx.o
    0x08005f4c   0x08005f4c   0x0000000c   Code   RO          654    i.TIM1_UP_TIM16_IRQHandler  stm32l4xx_it.o
    0x08005f58   0x08005f58   0x0000000c   Code   RO          655    i.TIM2_IRQHandler   stm32l4xx_it.o
    0x08005f64   0x08005f64   0x0000000c   Code   RO          656    i.TIM6_DAC_IRQHandler  stm32l4xx_it.o
    0x08005f70   0x08005f70   0x0000006c   Code   RO         3622    i.TIM_Base_SetConfig  stm32l4xx_hal_tim.o
    0x08005fdc   0x08005fdc   0x0000001a   Code   RO         3623    i.TIM_CCxChannelCmd  stm32l4xx_hal_tim.o
    0x08005ff6   0x08005ff6   0x00000014   Code   RO         3633    i.TIM_ETR_SetConfig  stm32l4xx_hal_tim.o
    0x0800600a   0x0800600a   0x00000010   Code   RO         3634    i.TIM_ITRx_SetConfig  stm32l4xx_hal_tim.o
    0x0800601a   0x0800601a   0x00000002   PAD
    0x0800601c   0x0800601c   0x00000078   Code   RO         3635    i.TIM_OC1_SetConfig  stm32l4xx_hal_tim.o
    0x08006094   0x08006094   0x00000078   Code   RO         3636    i.TIM_OC2_SetConfig  stm32l4xx_hal_tim.o
    0x0800610c   0x0800610c   0x00000074   Code   RO         3637    i.TIM_OC3_SetConfig  stm32l4xx_hal_tim.o
    0x08006180   0x08006180   0x00000060   Code   RO         3638    i.TIM_OC4_SetConfig  stm32l4xx_hal_tim.o
    0x080061e0   0x080061e0   0x0000005c   Code   RO         3639    i.TIM_OC5_SetConfig  stm32l4xx_hal_tim.o
    0x0800623c   0x0800623c   0x0000005c   Code   RO         3640    i.TIM_OC6_SetConfig  stm32l4xx_hal_tim.o
    0x08006298   0x08006298   0x00000022   Code   RO         3642    i.TIM_TI1_ConfigInputStage  stm32l4xx_hal_tim.o
    0x080062ba   0x080062ba   0x00000024   Code   RO         3644    i.TIM_TI2_ConfigInputStage  stm32l4xx_hal_tim.o
    0x080062de   0x080062de   0x000000c8   Code   RO         4571    i.UART_AdvFeatureConfig  stm32l4xx_hal_uart.o
    0x080063a6   0x080063a6   0x0000005c   Code   RO         4572    i.UART_CheckIdleState  stm32l4xx_hal_uart.o
    0x08006402   0x08006402   0x00000002   PAD
    0x08006404   0x08006404   0x00000200   Code   RO         4587    i.UART_SetConfig    stm32l4xx_hal_uart.o
    0x08006604   0x08006604   0x000000c6   Code   RO         4592    i.UART_WaitOnFlagUntilTimeout  stm32l4xx_hal_uart.o
    0x080066ca   0x080066ca   0x00000002   PAD
    0x080066cc   0x080066cc   0x0000005c   Code   RO          556    i.USART1_IRQHandler  usart.o
    0x08006728   0x08006728   0x00000060   Code   RO          557    i.USART2_IRQHandler  usart.o
    0x08006788   0x08006788   0x00000068   Code   RO          558    i.USART3_IRQHandler  usart.o
    0x080067f0   0x080067f0   0x00000254   Code   RO         6959    i.Uart_task         cjson_user.o
    0x08006a44   0x08006a44   0x00000002   Code   RO          657    i.UsageFault_Handler  stm32l4xx_it.o
    0x08006a46   0x08006a46   0x00000002   PAD
    0x08006a48   0x08006a48   0x000000a2   Code   RO         7437    i.W25QXX_Write      w25q64.o
    0x08006aea   0x08006aea   0x00000022   Code   RO         7253    i.WaitCardOff       rc522s.o
    0x08006b0c   0x08006b0c   0x0000001c   Code   RO         7150    i.Weight_Decode     hx711.o
    0x08006b28   0x08006b28   0x00000020   Code   RO         7151    i.Weight_encryption  hx711.o
    0x08006b48   0x08006b48   0x00000044   Code   RO         7152    i.Write_Weight_To_Card  hx711.o
    0x08006b8c   0x08006b8c   0x00000020   Code   RO         7783    i.__0printf         mc_w.l(printfa.o)
    0x08006bac   0x08006bac   0x00000028   Code   RO         7785    i.__0sprintf        mc_w.l(printfa.o)
    0x08006bd4   0x08006bd4   0x00000020   Code   RO         2544    i.__NVIC_SetPriority  stm32l4xx_hal_cortex.o
    0x08006bf4   0x08006bf4   0x0000005c   Code   RO         7815    i.__free$realloc    mc_w.l(mallocr.o)
    0x08006c50   0x08006c50   0x00000028   Code   RO         7519    i.__hardfp_strtod   m_wm.l(strtod.o)
    0x08006c78   0x08006c78   0x00000050   Code   RO         7816    i.__malloc$realloc  mc_w.l(mallocr.o)
    0x08006cc8   0x08006cc8   0x0000000e   Code   RO         7921    i.__scatterload_copy  mc_w.l(handlers.o)
    0x08006cd6   0x08006cd6   0x00000002   Code   RO         7922    i.__scatterload_null  mc_w.l(handlers.o)
    0x08006cd8   0x08006cd8   0x0000000e   Code   RO         7923    i.__scatterload_zeroinit  mc_w.l(handlers.o)
    0x08006ce6   0x08006ce6   0x00000002   PAD
    0x08006ce8   0x08006ce8   0x0000018a   Code   RO         7790    i._fp_digits        mc_w.l(printfa.o)
    0x08006e72   0x08006e72   0x0000000e   Code   RO         7847    i._is_digit         mc_w.l(scanf_fp.o)
    0x08006e80   0x08006e80   0x000006ba   Code   RO         7791    i._printf_core      mc_w.l(printfa.o)
    0x0800753a   0x0800753a   0x00000024   Code   RO         7792    i._printf_post_padding  mc_w.l(printfa.o)
    0x0800755e   0x0800755e   0x0000002e   Code   RO         7793    i._printf_pre_padding  mc_w.l(printfa.o)
    0x0800758c   0x0800758c   0x0000000a   Code   RO         7795    i._sputc            mc_w.l(printfa.o)
    0x08007596   0x08007596   0x0000000e   Code   RO          263    i.beep_off          gpio.o
    0x080075a4   0x080075a4   0x0000000c   Code   RO          264    i.beep_on           gpio.o
    0x080075b0   0x080075b0   0x00000030   Code   RO         6338    i.buffer_skip_whitespace  cjson.o
    0x080075e0   0x080075e0   0x00000048   Code   RO         6370    i.cJSON_Delete      cjson.o
    0x08007628   0x08007628   0x00000010   Code   RO         6381    i.cJSON_GetErrorPtr  cjson.o
    0x08007638   0x08007638   0x00000006   Code   RO         6383    i.cJSON_GetObjectItem  cjson.o
    0x0800763e   0x0800763e   0x00000016   Code   RO         6400    i.cJSON_New_Item    cjson.o
    0x08007654   0x08007654   0x00000008   Code   RO         6401    i.cJSON_Parse       cjson.o
    0x0800765c   0x0800765c   0x000000dc   Code   RO         6403    i.cJSON_ParseWithLengthOpts  cjson.o
    0x08007738   0x08007738   0x00000022   Code   RO         6404    i.cJSON_ParseWithOpts  cjson.o
    0x0800775a   0x0800775a   0x00000002   PAD
    0x0800775c   0x0800775c   0x00000030   Code   RO         7038    i.connect_mqtt      bc260y.o
    0x0800778c   0x0800778c   0x00000018   Code   RO          561    i.fputc             usart.o
    0x080077a4   0x080077a4   0x0000007a   Code   RO         6423    i.get_object_item   cjson.o
    0x0800781e   0x0800781e   0x00000002   PAD
    0x08007820   0x08007820   0x00000050   Code   RO         7817    i.internal_alloc    mc_w.l(mallocr.o)
    0x08007870   0x08007870   0x0000004a   Code   RO           16    i.main              main.o
    0x080078ba   0x080078ba   0x0000000c   Code   RO         5825    i.makeFreeRtosPriority  cmsis_os.o
    0x080078c6   0x080078c6   0x0000000e   Code   RO         5827    i.osDelay           cmsis_os.o
    0x080078d4   0x080078d4   0x0000000a   Code   RO         5830    i.osKernelStart     cmsis_os.o
    0x080078de   0x080078de   0x00000054   Code   RO         5864    i.osThreadCreate    cmsis_os.o
    0x08007932   0x08007932   0x000000d0   Code   RO         6425    i.parse_array       cjson.o
    0x08007a02   0x08007a02   0x00000040   Code   RO         6426    i.parse_hex4        cjson.o
    0x08007a42   0x08007a42   0x00000002   PAD
    0x08007a44   0x08007a44   0x00000100   Code   RO         6427    i.parse_number      cjson.o
    0x08007b44   0x08007b44   0x0000010a   Code   RO         6428    i.parse_object      cjson.o
    0x08007c4e   0x08007c4e   0x0000010c   Code   RO         6429    i.parse_string      cjson.o
    0x08007d5a   0x08007d5a   0x00000002   PAD
    0x08007d5c   0x08007d5c   0x000000fc   Code   RO         6430    i.parse_value       cjson.o
    0x08007e58   0x08007e58   0x00000070   Code   RO         5507    i.prvAddCurrentTaskToDelayedList  tasks.o
    0x08007ec8   0x08007ec8   0x000000d0   Code   RO         5508    i.prvAddNewTaskToReadyList  tasks.o
    0x08007f98   0x08007f98   0x0000006c   Code   RO         5184    i.prvCopyDataToQueue  queue.o
    0x08008004   0x08008004   0x00000034   Code   RO         5509    i.prvDeleteTCB      tasks.o
    0x08008038   0x08008038   0x0000004c   Code   RO         6192    i.prvHeapInit       heap_4.o
    0x08008084   0x08008084   0x00000060   Code   RO         5510    i.prvIdleTask       tasks.o
    0x080080e4   0x080080e4   0x00000016   Code   RO         5185    i.prvInitialiseMutex  queue.o
    0x080080fa   0x080080fa   0x00000016   Code   RO         5186    i.prvInitialiseNewQueue  queue.o
    0x08008110   0x08008110   0x00000098   Code   RO         5511    i.prvInitialiseNewTask  tasks.o
    0x080081a8   0x080081a8   0x0000004c   Code   RO         6193    i.prvInsertBlockIntoFreeList  heap_4.o
    0x080081f4   0x080081f4   0x00000020   Code   RO         5512    i.prvResetNextTaskUnblockTime  tasks.o
    0x08008214   0x08008214   0x00000028   Code   RO         6261    i.prvTaskExitError  port.o
    0x0800823c   0x0800823c   0x0000006a   Code   RO         5188    i.prvUnlockQueue    queue.o
    0x080082a6   0x080082a6   0x00000002   PAD
    0x080082a8   0x080082a8   0x000000dc   Code   RO         6194    i.pvPortMalloc      heap_4.o
    0x08008384   0x08008384   0x0000002c   Code   RO         6262    i.pxPortInitialiseStack  port.o
    0x080083b0   0x080083b0   0x0000006c   Code   RO         7818    i.realloc           mc_w.l(mallocr.o)
    0x0800841c   0x0800841c   0x000000d2   Code   RO         6439    i.utf16_literal_to_utf8  cjson.o
    0x080084ee   0x080084ee   0x00000026   Code   RO         5143    i.uxListRemove      list.o
    0x08008514   0x08008514   0x00000014   Code   RO          301    i.vApplicationGetIdleTaskMemory  freertos.o
    0x08008528   0x08008528   0x00000016   Code   RO         5144    i.vListInitialise   list.o
    0x0800853e   0x0800853e   0x00000006   Code   RO         5145    i.vListInitialiseItem  list.o
    0x08008544   0x08008544   0x00000030   Code   RO         5146    i.vListInsert       list.o
    0x08008574   0x08008574   0x00000018   Code   RO         5147    i.vListInsertEnd    list.o
    0x0800858c   0x0800858c   0x00000040   Code   RO         6264    i.vPortEnterCritical  port.o
    0x080085cc   0x080085cc   0x00000028   Code   RO         6265    i.vPortExitCritical  port.o
    0x080085f4   0x080085f4   0x00000064   Code   RO         6195    i.vPortFree         heap_4.o
    0x08008658   0x08008658   0x00000024   Code   RO         6266    i.vPortSetupTimerInterrupt  port.o
    0x0800867c   0x0800867c   0x0000004c   Code   RO         5521    i.vTaskDelay        tasks.o
    0x080086c8   0x080086c8   0x00000010   Code   RO         5524    i.vTaskInternalSetTimeOutState  tasks.o
    0x080086d8   0x080086d8   0x0000000c   Code   RO         5525    i.vTaskMissedYield  tasks.o
    0x080086e4   0x080086e4   0x00000030   Code   RO         5527    i.vTaskPlaceOnEventList  tasks.o
    0x08008714   0x08008714   0x0000006c   Code   RO         5534    i.vTaskStartScheduler  tasks.o
    0x08008780   0x08008780   0x00000010   Code   RO         5536    i.vTaskSuspendAll   tasks.o
    0x08008790   0x08008790   0x0000005c   Code   RO         5537    i.vTaskSwitchContext  tasks.o
    0x080087ec   0x080087ec   0x000002f0   Code   RO         7392    i.work_task         work.o
    0x08008adc   0x08008adc   0x000000f4   Code   RO         6268    i.xPortStartScheduler  port.o
    0x08008bd0   0x08008bd0   0x00000016   Code   RO         5195    i.xQueueCreateMutex  queue.o
    0x08008be6   0x08008be6   0x00000042   Code   RO         5197    i.xQueueGenericCreate  queue.o
    0x08008c28   0x08008c28   0x00000088   Code   RO         5199    i.xQueueGenericReset  queue.o
    0x08008cb0   0x08008cb0   0x00000160   Code   RO         5200    i.xQueueGenericSend  queue.o
    0x08008e10   0x08008e10   0x00000074   Code   RO         5539    i.xTaskCheckForTimeOut  tasks.o
    0x08008e84   0x08008e84   0x00000060   Code   RO         5540    i.xTaskCreate       tasks.o
    0x08008ee4   0x08008ee4   0x00000056   Code   RO         5541    i.xTaskCreateStatic  tasks.o
    0x08008f3a   0x08008f3a   0x00000002   PAD
    0x08008f3c   0x08008f3c   0x0000001c   Code   RO         5545    i.xTaskGetSchedulerState  tasks.o
    0x08008f58   0x08008f58   0x0000000c   Code   RO         5546    i.xTaskGetTickCount  tasks.o
    0x08008f64   0x08008f64   0x000000cc   Code   RO         5548    i.xTaskIncrementTick  tasks.o
    0x08009030   0x08009030   0x00000098   Code   RO         5551    i.xTaskPriorityDisinherit  tasks.o
    0x080090c8   0x080090c8   0x00000074   Code   RO         5553    i.xTaskRemoveFromEventList  tasks.o
    0x0800913c   0x0800913c   0x000000c4   Code   RO         5554    i.xTaskResumeAll    tasks.o
    0x08009200   0x08009200   0x00000070   Data   RO          303    .constdata          freertos.o
    0x08009270   0x08009270   0x00000040   Data   RO         5006    .constdata          system_stm32l4xx.o
    0x080092b0   0x080092b0   0x00000008   Data   RO         5007    .constdata          system_stm32l4xx.o
    0x080092b8   0x080092b8   0x00000040   Data   RO         7917    .constdata          mc_w.l(ctype_c.o)
    0x080092f8   0x080092f8   0x0000002e   Data   RO          304    .conststring        freertos.o
    0x08009326   0x08009326   0x00000002   PAD
    0x08009328   0x08009328   0x00000069   Data   RO         6961    .conststring        cjson_user.o
    0x08009391   0x08009391   0x00000003   PAD
    0x08009394   0x08009394   0x00000051   Data   RO         7040    .conststring        bc260y.o
    0x080093e5   0x080093e5   0x00000003   PAD
    0x080093e8   0x080093e8   0x00000020   Data   RO         7919    Region$$Table       anon$$obj.o


    Execution Region RW_IRAM2 (Exec base: 0x10000000, Load base: 0x080094d8, Size: 0x00000000, Max: 0x00004000, ABSOLUTE)

    **** No section assigned to this execution region ****


    Execution Region RW_IRAM1 (Exec base: 0x20000000, Load base: 0x08009408, Size: 0x000047d0, Max: 0x0000c000, ABSOLUTE)

    Exec Addr    Load Addr    Size         Type   Attr      Idx    E Section Name        Object

    0x20000000   0x08009408   0x0000000c   Data   RW           18    .data               main.o
    0x2000000c   0x08009414   0x00000014   Data   RW          306    .data               freertos.o
    0x20000020   0x08009428   0x00000006   Data   RW          563    .data               usart.o
    0x20000026   0x0800942e   0x00000002   PAD
    0x20000028   0x08009430   0x00000004   Data   RW          566    .data               usart.o
    0x2000002c   0x08009434   0x0000000c   Data   RW          823    .data               stm32l4xx_hal.o
    0x20000038   0x08009440   0x00000004   Data   RW         5008    .data               system_stm32l4xx.o
    0x2000003c   0x08009444   0x0000003c   Data   RW         5557    .data               tasks.o
    0x20000078   0x08009480   0x00000020   Data   RW         6201    .data               heap_4.o
    0x20000098   0x080094a0   0x0000000c   Data   RW         6269    .data               port.o
    0x200000a4   0x080094ac   0x00000014   Data   RW         6441    .data               cjson.o
    0x200000b8   0x080094c0   0x00000004   Data   RW         7041    .data               bc260y.o
    0x200000bc   0x080094c4   0x00000008   Data   RW         7154    .data               hx711.o
    0x200000c4   0x080094cc   0x00000001   Data   RW         7255    .data               rc522s.o
    0x200000c5   0x080094cd   0x00000002   Data   RW         7394    .data               work.o
    0x200000c7   0x080094cf   0x00000001   PAD
    0x200000c8   0x080094d0   0x00000004   Data   RW         7891    .data               mc_w.l(mvars.o)
    0x200000cc   0x080094d4   0x00000004   Data   RW         7892    .data               mc_w.l(mvars.o)
    0x200000d0        -       0x00000014   Zero   RW           17    .bss                main.o
    0x200000e4        -       0x00000254   Zero   RW          302    .bss                freertos.o
    0x20000338        -       0x00000010   Zero   RW          371    .bss                iwdg.o
    0x20000348        -       0x00000024   Zero   RW          403    .bss                rtc.o
    0x2000036c        -       0x000000c8   Zero   RW          446    .bss                spi.o
    0x20000434        -       0x00000098   Zero   RW          496    .bss                tim.o
    0x200004cc        -       0x00000510   Zero   RW          562    .bss                usart.o
    0x200009dc        -       0x0000004c   Zero   RW          752    .bss                stm32l4xx_hal_timebase_tim.o
    0x20000a28        -       0x000000f0   Zero   RW         5556    .bss                tasks.o
    0x20000b18        -       0x00001200   Zero   RW         6200    .bss                heap_4.o
    0x20001d18        -       0x000003c2   Zero   RW         6960    .bss                cjson_user.o
    0x200020da        -       0x000004bd   Zero   RW         7039    .bss                bc260y.o
    0x20002597   0x080094d8   0x00000001   PAD
    0x20002598        -       0x00000018   Zero   RW         7153    .bss                hx711.o
    0x200025b0        -       0x0000000c   Zero   RW         7254    .bss                rc522s.o
    0x200025bc        -       0x00000010   Zero   RW         7393    .bss                work.o
    0x200025cc        -       0x00001000   Zero   RW         7438    .bss                w25q64.o
    0x200035cc   0x080094d8   0x00000004   PAD
    0x200035d0        -       0x00000800   Zero   RW            2    HEAP                startup_stm32l431xx.o
    0x20003dd0        -       0x00000a00   Zero   RW            1    STACK               startup_stm32l431xx.o


==============================================================================

Image component sizes


      Code (inc. data)   RO Data    RW Data    ZI Data      Debug   Object Name

      2396        760         81          4       1213      11381   bc260y.o
      2072         74          0         20          0      18872   cjson.o
      2370        472        105          0        962       8407   cjson_user.o
       120          0          0          0          0      23153   cmsis_os.o
         0          0          0          0          0      19900   event_groups.o
       160         18        158         20        596       3052   freertos.o
       274         12          0          0          0       1824   gpio.o
       472         24          0         32       4608       7311   heap_4.o
       524         80          0          8         24       6730   hx711.o
        48         10          0          0         16        695   iwdg.o
       138          0          0          0          0       3454   list.o
       346         32          0         12         20     750717   main.o
       734         72          0         12          0      10820   port.o
       834         10          0          0          0      11935   queue.o
      2130        170          0          1         12      18480   rc522s.o
       228         18          0          0         36       1659   rtc.o
       328         34          0          0        200       2282   spi.o
        36          8        396          0       4608        820   startup_stm32l431xx.o
        94         14          0         12          0      11846   stm32l4xx_hal.o
       158         14          0          0          0      32970   stm32l4xx_hal_cortex.o
       490         30          0          0          0       2859   stm32l4xx_hal_gpio.o
       114          0          0          0          0       1867   stm32l4xx_hal_iwdg.o
        52          4          0          0          0        834   stm32l4xx_hal_msp.o
        16          4          0          0          0        531   stm32l4xx_hal_pwr.o
       120         20          0          0          0       1338   stm32l4xx_hal_pwr_ex.o
      2124        108          0          0          0       7521   stm32l4xx_hal_rcc.o
       998         32          0          0          0       2884   stm32l4xx_hal_rcc_ex.o
       926         34          0          0          0       8019   stm32l4xx_hal_rtc.o
        26          0          0          0          0       1715   stm32l4xx_hal_rtc_ex.o
      2238         10          0          0          0       9930   stm32l4xx_hal_spi.o
      2282        148          0          0          0      18066   stm32l4xx_hal_tim.o
       114         10          0          0          0       3024   stm32l4xx_hal_tim_ex.o
       140         22          0          0         76       1379   stm32l4xx_hal_timebase_tim.o
      1286         54          0          0          0       6429   stm32l4xx_hal_uart.o
        48         18          0          0          0       4072   stm32l4xx_it.o
         0          0          0          0          0        392   stream_buffer.o
        16          4         72          4          0       1137   system_stm32l4xx.o
      2026        156          0         60        240      25298   tasks.o
       444         36          0          0        152       3497   tim.o
       968         88          0         10       1296       7003   usart.o
       908         66          0          0       4096       6581   w25q64.o
       752         84          0          2         16       1892   work.o

    ----------------------------------------------------------------------
     29614       2750        852        200      18176    1062576   Object Totals
         0          0         32          0          0          0   (incl. Generated)
        64          0          8          3          5          0   (incl. Padding)

    ----------------------------------------------------------------------

      Code (inc. data)   RO Data    RW Data    ZI Data      Debug   Library Member Name

        40         10          0          0          0        128   strtod.o
        56          8          0          0          0         84   __0sscanf.o
        28          0          0          0          0         68   _chval.o
       822          6          0          0          0        112   _scanf.o
       338          0          0          0          0         96   _scanf_int.o
       230          0          0          0          0         96   _scanf_str.o
        64          0          0          0          0         84   _sgetc.o
        40          6         64          0          0         68   ctype_c.o
         0          0          0          0          0          0   entry.o
         0          0          0          0          0          0   entry10a.o
         0          0          0          0          0          0   entry11a.o
         4          0          0          0          0          0   entry12b.o
         8          4          0          0          0          0   entry2.o
         4          0          0          0          0          0   entry5.o
         0          0          0          0          0          0   entry7b.o
         0          0          0          0          0          0   entry8b.o
         8          4          0          0          0          0   entry9a.o
        30          0          0          0          0          0   handlers.o
        36          8          0          0          0         68   init.o
        10          0          0          0          0         68   isspace_c.o
         0          0          0          0          0          0   iusefp.o
        30          0          0          0          0         68   llshl.o
        36          0          0          0          0         68   llsshr.o
        32          0          0          0          0         68   llushr.o
       360         30          0          0          0        356   mallocr.o
        36          0          0          0          0         68   memcpya.o
        36          0          0          0          0        108   memseta.o
         0          0          0          8          0          0   mvars.o
      2280         96          0          0          0        616   printfa.o
        40          8          0          0          0         84   scanf_char.o
       884         12          0          0          0        216   scanf_fp.o
        28          0          0          0          0         76   strcmp.o
        18          0          0          0          0         68   strcpy.o
        14          0          0          0          0         68   strlen.o
        30          0          0          0          0         80   strncmp.o
        36          0          0          0          0         80   strstr.o
       156         12          0          0          0        120   strtod.o
        12          0          0          0          0         68   tolower.o
        44          0          0          0          0         80   uidiv.o
       104          0          0          0          0         92   uldiv.o
        48          0          0          0          0         68   cdcmple.o
        48          0          0          0          0         68   cdrcmple.o
        56          0          0          0          0         88   d2f.o
       350          0          0          0          0        148   dadd.o
       222          0          0          0          0        100   ddiv.o
       186          0          0          0          0        176   depilogue.o
        62          0          0          0          0         80   dfixi.o
        48          0          0          0          0         68   dfixul.o
        34          0          0          0          0         76   dflti.o
        24          0          0          0          0         76   dfltul.o
       234          0          0          0          0         96   dmul.o
        38          0          0          0          0         68   f2d.o
       110          0          0          0          0        168   fepilogue.o

    ----------------------------------------------------------------------
      7366        204         64          8          0       4536   Library Totals
        12          0          0          0          0          0   (incl. Padding)

    ----------------------------------------------------------------------

      Code (inc. data)   RO Data    RW Data    ZI Data      Debug   Library Name

        40         10          0          0          0        128   m_wm.l
      5854        194         64          8          0       3128   mc_w.l
      1460          0          0          0          0       1280   mf_w.l

    ----------------------------------------------------------------------
      7366        204         64          8          0       4536   Library Totals

    ----------------------------------------------------------------------

==============================================================================


      Code (inc. data)   RO Data    RW Data    ZI Data      Debug   

     36980       2954        916        208      18176    1041672   Grand Totals
     36980       2954        916        208      18176    1041672   ELF Image Totals
     36980       2954        916        208          0          0   ROM Totals

==============================================================================

    Total RO  Size (Code + RO Data)                37896 (  37.01kB)
    Total RW  Size (RW Data + ZI Data)             18384 (  17.95kB)
    Total ROM Size (Code + RO Data + RW Data)      38104 (  37.21kB)

==============================================================================

